Archive member included to satisfy reference by file (symbol)

d:/nxp/s32ds.3.6.0/s32ds/build_tools/gcc_v10.2/gcc-10.2-arm32-eabi/bin/../lib/gcc/arm-none-eabi/10.2.0/../../../../arm-none-eabi/lib/thumb/v7e-m+fp/hard\libc_nano.a(lib_a-memset.o)
                              ./Project_Settings/Startup_Code/startup.o (memset)
d:/nxp/s32ds.3.6.0/s32ds/build_tools/gcc_v10.2/gcc-10.2-arm32-eabi/bin/../lib/gcc/arm-none-eabi/10.2.0/../../../../arm-none-eabi/lib/thumb/v7e-m+fp/hard\libm.a(lib_a-s_cos.o)
                              ./src/display.o (cos)
d:/nxp/s32ds.3.6.0/s32ds/build_tools/gcc_v10.2/gcc-10.2-arm32-eabi/bin/../lib/gcc/arm-none-eabi/10.2.0/../../../../arm-none-eabi/lib/thumb/v7e-m+fp/hard\libm.a(lib_a-s_sin.o)
                              ./src/display.o (sin)
d:/nxp/s32ds.3.6.0/s32ds/build_tools/gcc_v10.2/gcc-10.2-arm32-eabi/bin/../lib/gcc/arm-none-eabi/10.2.0/../../../../arm-none-eabi/lib/thumb/v7e-m+fp/hard\libm.a(lib_a-e_rem_pio2.o)
                              d:/nxp/s32ds.3.6.0/s32ds/build_tools/gcc_v10.2/gcc-10.2-arm32-eabi/bin/../lib/gcc/arm-none-eabi/10.2.0/../../../../arm-none-eabi/lib/thumb/v7e-m+fp/hard\libm.a(lib_a-s_cos.o) (__ieee754_rem_pio2)
d:/nxp/s32ds.3.6.0/s32ds/build_tools/gcc_v10.2/gcc-10.2-arm32-eabi/bin/../lib/gcc/arm-none-eabi/10.2.0/../../../../arm-none-eabi/lib/thumb/v7e-m+fp/hard\libm.a(lib_a-k_cos.o)
                              d:/nxp/s32ds.3.6.0/s32ds/build_tools/gcc_v10.2/gcc-10.2-arm32-eabi/bin/../lib/gcc/arm-none-eabi/10.2.0/../../../../arm-none-eabi/lib/thumb/v7e-m+fp/hard\libm.a(lib_a-s_cos.o) (__kernel_cos)
d:/nxp/s32ds.3.6.0/s32ds/build_tools/gcc_v10.2/gcc-10.2-arm32-eabi/bin/../lib/gcc/arm-none-eabi/10.2.0/../../../../arm-none-eabi/lib/thumb/v7e-m+fp/hard\libm.a(lib_a-k_rem_pio2.o)
                              d:/nxp/s32ds.3.6.0/s32ds/build_tools/gcc_v10.2/gcc-10.2-arm32-eabi/bin/../lib/gcc/arm-none-eabi/10.2.0/../../../../arm-none-eabi/lib/thumb/v7e-m+fp/hard\libm.a(lib_a-e_rem_pio2.o) (__kernel_rem_pio2)
d:/nxp/s32ds.3.6.0/s32ds/build_tools/gcc_v10.2/gcc-10.2-arm32-eabi/bin/../lib/gcc/arm-none-eabi/10.2.0/../../../../arm-none-eabi/lib/thumb/v7e-m+fp/hard\libm.a(lib_a-k_sin.o)
                              d:/nxp/s32ds.3.6.0/s32ds/build_tools/gcc_v10.2/gcc-10.2-arm32-eabi/bin/../lib/gcc/arm-none-eabi/10.2.0/../../../../arm-none-eabi/lib/thumb/v7e-m+fp/hard\libm.a(lib_a-s_cos.o) (__kernel_sin)
d:/nxp/s32ds.3.6.0/s32ds/build_tools/gcc_v10.2/gcc-10.2-arm32-eabi/bin/../lib/gcc/arm-none-eabi/10.2.0/../../../../arm-none-eabi/lib/thumb/v7e-m+fp/hard\libm.a(lib_a-s_fabs.o)
                              d:/nxp/s32ds.3.6.0/s32ds/build_tools/gcc_v10.2/gcc-10.2-arm32-eabi/bin/../lib/gcc/arm-none-eabi/10.2.0/../../../../arm-none-eabi/lib/thumb/v7e-m+fp/hard\libm.a(lib_a-e_rem_pio2.o) (fabs)
d:/nxp/s32ds.3.6.0/s32ds/build_tools/gcc_v10.2/gcc-10.2-arm32-eabi/bin/../lib/gcc/arm-none-eabi/10.2.0/../../../../arm-none-eabi/lib/thumb/v7e-m+fp/hard\libm.a(lib_a-s_floor.o)
                              d:/nxp/s32ds.3.6.0/s32ds/build_tools/gcc_v10.2/gcc-10.2-arm32-eabi/bin/../lib/gcc/arm-none-eabi/10.2.0/../../../../arm-none-eabi/lib/thumb/v7e-m+fp/hard\libm.a(lib_a-k_rem_pio2.o) (floor)
d:/nxp/s32ds.3.6.0/s32ds/build_tools/gcc_v10.2/gcc-10.2-arm32-eabi/bin/../lib/gcc/arm-none-eabi/10.2.0/../../../../arm-none-eabi/lib/thumb/v7e-m+fp/hard\libm.a(lib_a-s_scalbn.o)
                              d:/nxp/s32ds.3.6.0/s32ds/build_tools/gcc_v10.2/gcc-10.2-arm32-eabi/bin/../lib/gcc/arm-none-eabi/10.2.0/../../../../arm-none-eabi/lib/thumb/v7e-m+fp/hard\libm.a(lib_a-k_rem_pio2.o) (scalbn)
d:/nxp/s32ds.3.6.0/s32ds/build_tools/gcc_v10.2/gcc-10.2-arm32-eabi/bin/../lib/gcc/arm-none-eabi/10.2.0/thumb/v7e-m+fp/hard\libgcc.a(_arm_muldf3.o)
                              ./src/display.o (__aeabi_dmul)
d:/nxp/s32ds.3.6.0/s32ds/build_tools/gcc_v10.2/gcc-10.2-arm32-eabi/bin/../lib/gcc/arm-none-eabi/10.2.0/thumb/v7e-m+fp/hard\libgcc.a(_arm_addsubdf3.o)
                              ./src/display.o (__aeabi_dsub)
d:/nxp/s32ds.3.6.0/s32ds/build_tools/gcc_v10.2/gcc-10.2-arm32-eabi/bin/../lib/gcc/arm-none-eabi/10.2.0/thumb/v7e-m+fp/hard\libgcc.a(_arm_muldivdf3.o)
                              ./src/display.o (__aeabi_ddiv)
d:/nxp/s32ds.3.6.0/s32ds/build_tools/gcc_v10.2/gcc-10.2-arm32-eabi/bin/../lib/gcc/arm-none-eabi/10.2.0/thumb/v7e-m+fp/hard\libgcc.a(_arm_cmpdf2.o)
                              d:/nxp/s32ds.3.6.0/s32ds/build_tools/gcc_v10.2/gcc-10.2-arm32-eabi/bin/../lib/gcc/arm-none-eabi/10.2.0/../../../../arm-none-eabi/lib/thumb/v7e-m+fp/hard\libm.a(lib_a-e_rem_pio2.o) (__aeabi_dcmpeq)
d:/nxp/s32ds.3.6.0/s32ds/build_tools/gcc_v10.2/gcc-10.2-arm32-eabi/bin/../lib/gcc/arm-none-eabi/10.2.0/thumb/v7e-m+fp/hard\libgcc.a(_arm_fixdfsi.o)
                              d:/nxp/s32ds.3.6.0/s32ds/build_tools/gcc_v10.2/gcc-10.2-arm32-eabi/bin/../lib/gcc/arm-none-eabi/10.2.0/../../../../arm-none-eabi/lib/thumb/v7e-m+fp/hard\libm.a(lib_a-e_rem_pio2.o) (__aeabi_d2iz)
[...]
Memory Configuration

Name             Origin             Length             Attributes
int_flash_interrupts 0x00000000         0x00000400
int_flash_config 0x00000400         0x00000010
int_flash        0x00000410         0x0007fbf0
int_sram_results 0x1fff8000         0x00000100
int_sram         0x1fff8100         0x0000df00
int_sram_stack_c0 0x20006000         0x00001000
ram_rsvd2        0x20007000         0x00000000
*default*        0x00000000         0xffffffff

Linker script and memory map

LOAD ./Project_Settings/Startup_Code/Vector_Table.o
LOAD ./Project_Settings/Startup_Code/exceptions.o
LOAD ./Project_Settings/Startup_Code/nvic.o
LOAD ./Project_Settings/Startup_Code/startup.o
LOAD ./Project_Settings/Startup_Code/startup_cm4.o
LOAD ./Project_Settings/Startup_Code/system.o
LOAD ./RTD/src/Clock_Ip.o
LOAD ./RTD/src/Clock_Ip_Data.o
LOAD ./RTD/src/Clock_Ip_Divider.o
LOAD ./RTD/src/Clock_Ip_DividerTrigger.o
LOAD ./RTD/src/Clock_Ip_ExtOsc.o
LOAD ./RTD/src/Clock_Ip_FracDiv.o
LOAD ./RTD/src/Clock_Ip_Frequency.o
LOAD ./RTD/src/Clock_Ip_Gate.o
LOAD ./RTD/src/Clock_Ip_IntOsc.o
LOAD ./RTD/src/Clock_Ip_Irq.o
LOAD ./RTD/src/Clock_Ip_Monitor.o
LOAD ./RTD/src/Clock_Ip_Pll.o
LOAD ./RTD/src/Clock_Ip_ProgFreqSwitch.o
LOAD ./RTD/src/Clock_Ip_Selector.o
LOAD ./RTD/src/Clock_Ip_Specific.o
LOAD ./RTD/src/Det.o
LOAD ./RTD/src/Dio.o
LOAD ./RTD/src/Dio_Ipw.o
LOAD ./RTD/src/Flexio_Spi_Ip.o
LOAD ./RTD/src/Flexio_Spi_Ip_Irq.o
LOAD ./RTD/src/Ftm_Gpt_Ip.o
LOAD ./RTD/src/Gpio_Dio_Ip.o
LOAD ./RTD/src/Gpt.o
LOAD ./RTD/src/Gpt_Ipw.o
LOAD ./RTD/src/IntCtrl_Ip.o
LOAD ./RTD/src/LPit_Gpt_Ip.o
LOAD ./RTD/src/Lpspi_Ip.o
LOAD ./RTD/src/Lpspi_Ip_Irq.o
LOAD ./RTD/src/Lptmr_Gpt_Ip.o
LOAD ./RTD/src/Mcu.o
LOAD ./RTD/src/Mcu_Dem_Wrapper.o
LOAD ./RTD/src/Mcu_Ipw.o
LOAD ./RTD/src/Mcu_Ipw_Irq.o
LOAD ./RTD/src/Mpu_Ip.o
LOAD ./RTD/src/OsIf_Interrupts.o
LOAD ./RTD/src/OsIf_Timer.o
LOAD ./RTD/src/OsIf_Timer_System.o
LOAD ./RTD/src/OsIf_Timer_System_Internal_Systick.o
LOAD ./RTD/src/Platform.o
LOAD ./RTD/src/Platform_Ipw.o
LOAD ./RTD/src/Port.o
LOAD ./RTD/src/Port_Ci_Port_Ip.o
LOAD ./RTD/src/Port_Ipw.o
LOAD ./RTD/src/Power_Ip.o
LOAD ./RTD/src/Power_Ip_AEC.o
LOAD ./RTD/src/Power_Ip_CortexM4.o
LOAD ./RTD/src/Power_Ip_PMC.o
LOAD ./RTD/src/Power_Ip_PMC_Irq.o
LOAD ./RTD/src/Power_Ip_Private.o
LOAD ./RTD/src/Power_Ip_RCM.o
LOAD ./RTD/src/Power_Ip_RCM_Irq.o
LOAD ./RTD/src/Power_Ip_SIM.o
LOAD ./RTD/src/Power_Ip_SMC.o
LOAD ./RTD/src/Ram_Ip.o
LOAD ./RTD/src/SRtc_Ip.o
LOAD ./RTD/src/SchM_Dio.o
LOAD ./RTD/src/SchM_Gpt.o
LOAD ./RTD/src/SchM_Mcu.o
LOAD ./RTD/src/SchM_Platform.o
LOAD ./RTD/src/SchM_Port.o
LOAD ./RTD/src/SchM_Spi.o
LOAD ./RTD/src/Spi.o
LOAD ./RTD/src/Spi_Ipw.o
LOAD ./RTD/src/System_Ip.o
LOAD ./board/Port_Ci_Port_Ip_Cfg.o
LOAD ./generate/src/Clock_Ip_Cfg.o
LOAD ./generate/src/Clock_Ip_VS_0_PBcfg.o
LOAD ./generate/src/Dio_Cfg.o
LOAD ./generate/src/Flexio_Spi_Ip_VS_0_PBcfg.o
LOAD ./generate/src/Ftm_Gpt_Ip_VS_0_PBcfg.o
LOAD ./generate/src/Gpt_Cfg.o
LOAD ./generate/src/Gpt_Ipw_VS_0_PBcfg.o
LOAD ./generate/src/Gpt_VS_0_PBcfg.o
LOAD ./generate/src/IntCtrl_Ip_Cfg.o
LOAD ./generate/src/LPit_Gpt_Ip_VS_0_PBcfg.o
LOAD ./generate/src/Lpspi_Ip_VS_0_PBcfg.o
LOAD ./generate/src/Lptmr_Gpt_Ip_VS_0_PBcfg.o
LOAD ./generate/src/Mcu_Cfg.o
LOAD ./generate/src/Mcu_VS_0_PBcfg.o
LOAD ./generate/src/Mpu_Ip_Cfg.o
LOAD ./generate/src/OsIf_Cfg.o
LOAD ./generate/src/Platform_Cfg.o
LOAD ./generate/src/Platform_Ipw_Cfg.o
LOAD ./generate/src/Port_Cfg.o
LOAD ./generate/src/Port_Ci_Port_Ip_VS_0_PBcfg.o
LOAD ./generate/src/Port_VS_0_PBcfg.o
LOAD ./generate/src/Power_Ip_Cfg.o
LOAD ./generate/src/Power_Ip_VS_0_PBcfg.o
LOAD ./generate/src/Ram_Ip_Cfg.o
LOAD ./generate/src/Ram_Ip_VS_0_PBcfg.o
LOAD ./generate/src/SRtc_Ip_VS_0_PBcfg.o
LOAD ./generate/src/Spi_Ipw_VS_0_PBcfg.o
LOAD ./generate/src/Spi_VS_0_PBcfg.o
LOAD ./src/FT81_display.o
LOAD ./src/FT81_misc.o
LOAD ./src/FT81_sound.o
LOAD ./src/FT81_touch.o
LOAD ./src/display.o
LOAD ./src/main.o
LOAD d:/nxp/s32ds.3.6.0/s32ds/build_tools/gcc_v10.2/gcc-10.2-arm32-eabi/bin/../lib/gcc/arm-none-eabi/10.2.0/../../../../arm-none-eabi/lib/thumb/v7e-m+fp/hard\libc_nano.a
LOAD d:/nxp/s32ds.3.6.0/s32ds/build_tools/gcc_v10.2/gcc-10.2-arm32-eabi/bin/../lib/gcc/arm-none-eabi/10.2.0/../../../../arm-none-eabi/lib/thumb/v7e-m+fp/hard\libm.a
LOAD d:/nxp/s32ds.3.6.0/s32ds/build_tools/gcc_v10.2/gcc-10.2-arm32-eabi/bin/../lib/gcc/arm-none-eabi/10.2.0/thumb/v7e-m+fp/hard\libgcc.a
START GROUP
LOAD d:/nxp/s32ds.3.6.0/s32ds/build_tools/gcc_v10.2/gcc-10.2-arm32-eabi/bin/../lib/gcc/arm-none-eabi/10.2.0/thumb/v7e-m+fp/hard\libgcc.a
LOAD d:/nxp/s32ds.3.6.0/s32ds/build_tools/gcc_v10.2/gcc-10.2-arm32-eabi/bin/../lib/gcc/arm-none-eabi/10.2.0/../../../../arm-none-eabi/lib/thumb/v7e-m+fp/hard\libg_nano.a
LOAD d:/nxp/s32ds.3.6.0/s32ds/build_tools/gcc_v10.2/gcc-10.2-arm32-eabi/bin/../lib/gcc/arm-none-eabi/10.2.0/../../../../arm-none-eabi/lib/thumb/v7e-m+fp/hard\libc_nano.a
END GROUP
START GROUP
LOAD d:/nxp/s32ds.3.6.0/s32ds/build_tools/gcc_v10.2/gcc-10.2-arm32-eabi/bin/../lib/gcc/arm-none-eabi/10.2.0/thumb/v7e-m+fp/hard\libgcc.a
LOAD d:/nxp/s32ds.3.6.0/s32ds/build_tools/gcc_v10.2/gcc-10.2-arm32-eabi/bin/../lib/gcc/arm-none-eabi/10.2.0/../../../../arm-none-eabi/lib/thumb/v7e-m+fp/hard\libc_nano.a
LOAD d:/nxp/s32ds.3.6.0/s32ds/build_tools/gcc_v10.2/gcc-10.2-arm32-eabi/bin/../lib/gcc/arm-none-eabi/10.2.0/../../../../arm-none-eabi/lib/thumb/v7e-m+fp/hard\libnosys.a
END GROUP
START GROUP
LOAD d:/nxp/s32ds.3.6.0/s32ds/build_tools/gcc_v10.2/gcc-10.2-arm32-eabi/bin/../lib/gcc/arm-none-eabi/10.2.0/thumb/v7e-m+fp/hard\libgcc.a
LOAD d:/nxp/s32ds.3.6.0/s32ds/build_tools/gcc_v10.2/gcc-10.2-arm32-eabi/bin/../lib/gcc/arm-none-eabi/10.2.0/../../../../arm-none-eabi/lib/thumb/v7e-m+fp/hard\libc_nano.a
LOAD d:/nxp/s32ds.3.6.0/s32ds/build_tools/gcc_v10.2/gcc-10.2-arm32-eabi/bin/../lib/gcc/arm-none-eabi/10.2.0/../../../../arm-none-eabi/lib/thumb/v7e-m+fp/hard\libnosys.a
END GROUP
                0x00000200                HEAP_SIZE = DEFINED (__heap_size__)?__heap_size__:0x200

.flash_interrupts
                0x00000000      0x310
                0x00000000                . = ALIGN (0x800)
                0x00000000                __interrupts_rom_start = .
 *(.intc_vector)
 .intc_vector   0x00000000      0x310 ./Project_Settings/Startup_Code/Vector_Table.o
                0x00000000                VTABLE
                0x00000310                . = ALIGN (0x4)
                0x00000310                __interrupts_rom_end = .

.flash_config   0x00000400       0x10
 *(.flash_config)
 .flash_config  0x00000400       0x10 ./Project_Settings/Startup_Code/startup_cm4.o

.flash          0x00000410     0xe1dc
                0x00000410                . = ALIGN (0x4)
 *(.startup)
 .startup       0x00000410       0xb8 ./Project_Settings/Startup_Code/startup_cm4.o
                0x00000410                Reset_Handler
                0x00000410                _start
                0x00000494                MCAL_LTB_TRACE_OFF
                0x00000496                _end_of_eunit_test
                0x000004c8                . = ALIGN (0x4)
 *(.systeminit)
 .systeminit    0x000004c8        0x2 ./Project_Settings/Startup_Code/exceptions.o
                0x000004c8                NMI_Handler
 *fill*         0x000004ca        0x2 
 .systeminit    0x000004cc       0x88 ./Project_Settings/Startup_Code/system.o
                0x000004cc                SystemInit
                0x00000554                . = ALIGN (0x4)
 *(.text.startup)
 .text.startup  0x00000554       0x8c ./src/main.o
                0x00000554                main
                0x000005e0                . = ALIGN (0x4)
 *(.text)
 .text          0x000005e0        0x0 ./Project_Settings/Startup_Code/Vector_Table.o
 .text          0x000005e0       0x12 ./Project_Settings/Startup_Code/exceptions.o
                0x000005e0                HardFault_Handler
                0x000005e2                MemManage_Handler
                0x000005e4                BusFault_Handler
                0x000005e6                UsageFault_Handler
                0x000005e8                SVC_Handler
                0x000005ea                DebugMon_Handler
                0x000005ec                PendSV_Handler
                0x000005ee                SysTick_Handler
                0x000005f0                undefined_handler
 *fill*         0x000005f2        0x2 
 .text          0x000005f4       0x5c ./Project_Settings/Startup_Code/nvic.o
                0x000005f4                NVIC_SetPriorityGrouping
                0x00000608                NVIC_EnableIRQ
                0x00000620                NVIC_DisableIRQ
                0x0000063c                NVIC_SetPriority
 .text          0x00000650       0x50 ./Project_Settings/Startup_Code/startup.o
                0x00000650                init_data_bss
 .text          0x000006a0        0x0 ./Project_Settings/Startup_Code/startup_cm4.o
 .text          0x000006a0        0x8 ./Project_Settings/Startup_Code/system.o
                0x000006a0                startup_go_to_user_mode
                0x000006a2                default_interrupt_routine
                0x000006a4                Sys_GetCoreID
 .text          0x000006a8        0x0 ./RTD/src/Clock_Ip.o
 .text          0x000006a8        0x0 ./RTD/src/Clock_Ip_Data.o
 .text          0x000006a8        0x0 ./RTD/src/Clock_Ip_Divider.o
 .text          0x000006a8        0x0 ./RTD/src/Clock_Ip_DividerTrigger.o
 .text          0x000006a8        0x0 ./RTD/src/Clock_Ip_ExtOsc.o
 .text          0x000006a8        0x0 ./RTD/src/Clock_Ip_FracDiv.o
 .text          0x000006a8        0x0 ./RTD/src/Clock_Ip_Frequency.o
 .text          0x000006a8        0x0 ./RTD/src/Clock_Ip_Gate.o
 .text          0x000006a8        0x0 ./RTD/src/Clock_Ip_IntOsc.o
 .text          0x000006a8        0x0 ./RTD/src/Clock_Ip_Irq.o
 .text          0x000006a8        0x0 ./RTD/src/Clock_Ip_Monitor.o
 .text          0x000006a8        0x0 ./RTD/src/Clock_Ip_Pll.o
 .text          0x000006a8        0x0 ./RTD/src/Clock_Ip_ProgFreqSwitch.o
 .text          0x000006a8        0x0 ./RTD/src/Clock_Ip_Selector.o
 .text          0x000006a8        0x0 ./RTD/src/Clock_Ip_Specific.o
 .text          0x000006a8        0x0 ./RTD/src/Det.o
 .text          0x000006a8        0x0 ./RTD/src/Dio.o
 .text          0x000006a8        0x0 ./RTD/src/Dio_Ipw.o
 .text          0x000006a8        0x0 ./RTD/src/Flexio_Spi_Ip.o
 .text          0x000006a8        0x0 ./RTD/src/Flexio_Spi_Ip_Irq.o
 .text          0x000006a8        0x0 ./RTD/src/Ftm_Gpt_Ip.o
 .text          0x000006a8        0x0 ./RTD/src/Gpio_Dio_Ip.o
 .text          0x000006a8        0x0 ./RTD/src/Gpt.o
 .text          0x000006a8        0x0 ./RTD/src/Gpt_Ipw.o
 .text          0x000006a8       0x14 ./RTD/src/IntCtrl_Ip.o
 .text          0x000006bc        0x0 ./RTD/src/LPit_Gpt_Ip.o
 .text          0x000006bc        0x0 ./RTD/src/Lpspi_Ip.o
 .text          0x000006bc        0x0 ./RTD/src/Lpspi_Ip_Irq.o
 .text          0x000006bc        0x0 ./RTD/src/Lptmr_Gpt_Ip.o
 .text          0x000006bc        0x0 ./RTD/src/Mcu.o
 .text          0x000006bc        0x0 ./RTD/src/Mcu_Dem_Wrapper.o
 .text          0x000006bc        0x0 ./RTD/src/Mcu_Ipw.o
 .text          0x000006bc        0x0 ./RTD/src/Mcu_Ipw_Irq.o
 .text          0x000006bc       0x14 ./RTD/src/Mpu_Ip.o
 .text          0x000006d0        0x0 ./RTD/src/OsIf_Interrupts.o
 .text          0x000006d0        0x0 ./RTD/src/OsIf_Timer.o
 .text          0x000006d0        0x0 ./RTD/src/OsIf_Timer_System.o
 .text          0x000006d0        0x0 ./RTD/src/OsIf_Timer_System_Internal_Systick.o
 .text          0x000006d0        0x0 ./RTD/src/Platform.o
 .text          0x000006d0        0x0 ./RTD/src/Platform_Ipw.o
 .text          0x000006d0        0x0 ./RTD/src/Port.o
 .text          0x000006d0        0x0 ./RTD/src/Port_Ci_Port_Ip.o
 .text          0x000006d0        0x0 ./RTD/src/Port_Ipw.o
 .text          0x000006d0        0x0 ./RTD/src/Power_Ip.o
 .text          0x000006d0        0x0 ./RTD/src/Power_Ip_AEC.o
 .text          0x000006d0        0x0 ./RTD/src/Power_Ip_CortexM4.o
 .text          0x000006d0        0x0 ./RTD/src/Power_Ip_PMC.o
 .text          0x000006d0        0x0 ./RTD/src/Power_Ip_PMC_Irq.o
 .text          0x000006d0        0x0 ./RTD/src/Power_Ip_Private.o
 .text          0x000006d0        0x0 ./RTD/src/Power_Ip_RCM.o
 .text          0x000006d0        0x0 ./RTD/src/Power_Ip_RCM_Irq.o
 .text          0x000006d0        0x0 ./RTD/src/Power_Ip_SIM.o
 .text          0x000006d0        0x0 ./RTD/src/Power_Ip_SMC.o
 .text          0x000006d0        0x0 ./RTD/src/Ram_Ip.o
 .text          0x000006d0        0x0 ./RTD/src/SRtc_Ip.o
 .text          0x000006d0        0x6 ./RTD/src/SchM_Dio.o
                0x000006d0                Dio_schm_read_msr
 .text          0x000006d6        0x6 ./RTD/src/SchM_Gpt.o
                0x000006d6                Gpt_schm_read_msr
 .text          0x000006dc        0x6 ./RTD/src/SchM_Mcu.o
                0x000006dc                Mcu_schm_read_msr
 .text          0x000006e2        0x6 ./RTD/src/SchM_Platform.o
                0x000006e2                Platform_schm_read_msr
 .text          0x000006e8        0x6 ./RTD/src/SchM_Port.o
                0x000006e8                Port_schm_read_msr
 .text          0x000006ee        0x6 ./RTD/src/SchM_Spi.o
                0x000006ee                Spi_schm_read_msr
 .text          0x000006f4        0x0 ./RTD/src/Spi.o
 .text          0x000006f4        0x0 ./RTD/src/Spi_Ipw.o
 .text          0x000006f4        0x0 ./RTD/src/System_Ip.o
 .text          0x000006f4        0x0 ./board/Port_Ci_Port_Ip_Cfg.o
 .text          0x000006f4        0x0 ./generate/src/Clock_Ip_Cfg.o
 .text          0x000006f4        0x0 ./generate/src/Clock_Ip_VS_0_PBcfg.o
 .text          0x000006f4        0x0 ./generate/src/Dio_Cfg.o
 .text          0x000006f4        0x0 ./generate/src/Flexio_Spi_Ip_VS_0_PBcfg.o
 .text          0x000006f4        0x0 ./generate/src/Ftm_Gpt_Ip_VS_0_PBcfg.o
 .text          0x000006f4        0x0 ./generate/src/Gpt_Cfg.o
 .text          0x000006f4        0x0 ./generate/src/Gpt_Ipw_VS_0_PBcfg.o
 .text          0x000006f4        0x0 ./generate/src/Gpt_VS_0_PBcfg.o
 .text          0x000006f4        0x0 ./generate/src/IntCtrl_Ip_Cfg.o
 .text          0x000006f4        0x0 ./generate/src/LPit_Gpt_Ip_VS_0_PBcfg.o
 .text          0x000006f4        0x0 ./generate/src/Lpspi_Ip_VS_0_PBcfg.o
 .text          0x000006f4        0x0 ./generate/src/Lptmr_Gpt_Ip_VS_0_PBcfg.o
 .text          0x000006f4        0x0 ./generate/src/Mcu_Cfg.o
 .text          0x000006f4        0x0 ./generate/src/Mcu_VS_0_PBcfg.o
 .text          0x000006f4        0x0 ./generate/src/Mpu_Ip_Cfg.o
 .text          0x000006f4        0x0 ./generate/src/OsIf_Cfg.o
 .text          0x000006f4        0x0 ./generate/src/Platform_Cfg.o
 .text          0x000006f4        0x0 ./generate/src/Platform_Ipw_Cfg.o
 .text          0x000006f4        0x0 ./generate/src/Port_Cfg.o
 .text          0x000006f4        0x0 ./generate/src/Port_Ci_Port_Ip_VS_0_PBcfg.o
 .text          0x000006f4        0x0 ./generate/src/Port_VS_0_PBcfg.o
 .text          0x000006f4        0x0 ./generate/src/Power_Ip_Cfg.o
 .text          0x000006f4        0x0 ./generate/src/Power_Ip_VS_0_PBcfg.o
 .text          0x000006f4        0x0 ./generate/src/Ram_Ip_Cfg.o
 .text          0x000006f4        0x0 ./generate/src/Ram_Ip_VS_0_PBcfg.o
 .text          0x000006f4        0x0 ./generate/src/SRtc_Ip_VS_0_PBcfg.o
 .text          0x000006f4        0x0 ./generate/src/Spi_Ipw_VS_0_PBcfg.o
 .text          0x000006f4        0x0 ./generate/src/Spi_VS_0_PBcfg.o
 .text          0x000006f4      0x184 ./src/FT81_display.o
                0x000006f4                alpha_func
                0x000006f8                begin
                0x00000706                clear
                0x00000714                clear_color_rgb
                0x00000722                display
                0x00000726                vertex2f
                0x0000073c                vertex2ii
                0x00000768                end_d
                0x0000076e                color_rgb
                0x0000077c                point_size
                0x00000786                vertex_format
                0x00000792                vertex_translate_x
                0x0000079c                vertex_translate_y
                0x000007a6                bitmap_source
                0x000007b0                bitmap_layout
                0x000007d0                bitmap_size
                0x000007fc                bitmap_transform_a
                0x00000806                bitmap_transform_b
                0x00000810                bitmap_transform_c
                0x0000081a                bitmap_transform_d
                0x00000824                bitmap_transform_e
                0x0000082e                bitmap_transform_f
                0x00000838                bitmap_handle
                0x00000842                line_width
                0x0000084c                save_context
                0x00000852                restore_context
                0x00000858                stencil_func
                0x00000866                clear_stencil
                0x0000086c                stencil_op
 .text          0x00000878      0x200 ./src/FT81_misc.o
                0x00000878                wr8
                0x000008b0                wr16
                0x000008f0                wr32
                0x00000940                rd8
                0x0000097e                rd16
                0x000009ca                rd32
                0x00000a2c                host_command
 .text          0x00000a78       0x26 ./src/FT81_sound.o
                0x00000a78                effect_start
                0x00000a7c                effect_select
                0x00000a84                effect_volume
                0x00000a86                file_volume
                0x00000a88                file_playback_start
                0x00000a8c                file_playback_loop
                0x00000a8e                file_playback_format
                0x00000a90                file_playback_sampling_frequency
                0x00000a92                file_playback_length
                0x00000a98                file_playback_start_address
 .text          0x00000a9e        0x0 ./src/FT81_touch.o
 *fill*         0x00000a9e        0x2 
 .text          0x00000aa0     0x2b3c ./src/display.o
                0x00000aa0                Display_Init
                0x00000c54                SoundTest
                0x00000ce4                trailingArray
                0x00000db0                Display_Update
                0x0000349c                Display_Test
 .text          0x000035dc       0x44 ./src/main.o
                0x000035dc                Gpt_FtmNotification
                0x000035ec                Get_Seconds
                0x0000360c                Get_Minutes
 .text          0x00003620        0x0 d:/nxp/s32ds.3.6.0/s32ds/build_tools/gcc_v10.2/gcc-10.2-arm32-eabi/bin/../lib/gcc/arm-none-eabi/10.2.0/../../../../arm-none-eabi/lib/thumb/v7e-m+fp/hard\libc_nano.a(lib_a-memset.o)
 .text          0x00003620        0x0 d:/nxp/s32ds.3.6.0/s32ds/build_tools/gcc_v10.2/gcc-10.2-arm32-eabi/bin/../lib/gcc/arm-none-eabi/10.2.0/../../../../arm-none-eabi/lib/thumb/v7e-m+fp/hard\libm.a(lib_a-s_cos.o)
 .text          0x00003620        0x0 d:/nxp/s32ds.3.6.0/s32ds/build_tools/gcc_v10.2/gcc-10.2-arm32-eabi/bin/../lib/gcc/arm-none-eabi/10.2.0/../../../../arm-none-eabi/lib/thumb/v7e-m+fp/hard\libm.a(lib_a-s_sin.o)
 .text          0x00003620        0x0 d:/nxp/s32ds.3.6.0/s32ds/build_tools/gcc_v10.2/gcc-10.2-arm32-eabi/bin/../lib/gcc/arm-none-eabi/10.2.0/../../../../arm-none-eabi/lib/thumb/v7e-m+fp/hard\libm.a(lib_a-e_rem_pio2.o)
 .text          0x00003620        0x0 d:/nxp/s32ds.3.6.0/s32ds/build_tools/gcc_v10.2/gcc-10.2-arm32-eabi/bin/../lib/gcc/arm-none-eabi/10.2.0/../../../../arm-none-eabi/lib/thumb/v7e-m+fp/hard\libm.a(lib_a-k_cos.o)
 .text          0x00003620        0x0 d:/nxp/s32ds.3.6.0/s32ds/build_tools/gcc_v10.2/gcc-10.2-arm32-eabi/bin/../lib/gcc/arm-none-eabi/10.2.0/../../../../arm-none-eabi/lib/thumb/v7e-m+fp/hard\libm.a(lib_a-k_rem_pio2.o)
 .text          0x00003620        0x0 d:/nxp/s32ds.3.6.0/s32ds/build_tools/gcc_v10.2/gcc-10.2-arm32-eabi/bin/../lib/gcc/arm-none-eabi/10.2.0/../../../../arm-none-eabi/lib/thumb/v7e-m+fp/hard\libm.a(lib_a-k_sin.o)
 .text          0x00003620        0x0 d:/nxp/s32ds.3.6.0/s32ds/build_tools/gcc_v10.2/gcc-10.2-arm32-eabi/bin/../lib/gcc/arm-none-eabi/10.2.0/../../../../arm-none-eabi/lib/thumb/v7e-m+fp/hard\libm.a(lib_a-s_fabs.o)
 .text          0x00003620        0x0 d:/nxp/s32ds.3.6.0/s32ds/build_tools/gcc_v10.2/gcc-10.2-arm32-eabi/bin/../lib/gcc/arm-none-eabi/10.2.0/../../../../arm-none-eabi/lib/thumb/v7e-m+fp/hard\libm.a(lib_a-s_floor.o)
 .text          0x00003620        0x0 d:/nxp/s32ds.3.6.0/s32ds/build_tools/gcc_v10.2/gcc-10.2-arm32-eabi/bin/../lib/gcc/arm-none-eabi/10.2.0/../../../../arm-none-eabi/lib/thumb/v7e-m+fp/hard\libm.a(lib_a-s_scalbn.o)
 .text          0x00003620      0x254 d:/nxp/s32ds.3.6.0/s32ds/build_tools/gcc_v10.2/gcc-10.2-arm32-eabi/bin/../lib/gcc/arm-none-eabi/10.2.0/thumb/v7e-m+fp/hard\libgcc.a(_arm_muldf3.o)
 .text          0x00003874      0x378 d:/nxp/s32ds.3.6.0/s32ds/build_tools/gcc_v10.2/gcc-10.2-arm32-eabi/bin/../lib/gcc/arm-none-eabi/10.2.0/thumb/v7e-m+fp/hard\libgcc.a(_arm_addsubdf3.o)
                0x00003874                __aeabi_drsub
                0x0000387c                __aeabi_dsub
                0x0000387c                __subdf3
                0x00003880                __aeabi_dadd
                0x00003880                __adddf3
                0x00003af8                __floatunsidf
                0x00003af8                __aeabi_ui2d
                0x00003b18                __floatsidf
                0x00003b18                __aeabi_i2d
                0x00003b3c                __aeabi_f2d
                0x00003b3c                __extendsfdf2
                0x00003b80                __floatundidf
                0x00003b80                __aeabi_ul2d
                0x00003b90                __floatdidf
                0x00003b90                __aeabi_l2d
 .text          0x00003bec      0x424 d:/nxp/s32ds.3.6.0/s32ds/build_tools/gcc_v10.2/gcc-10.2-arm32-eabi/bin/../lib/gcc/arm-none-eabi/10.2.0/thumb/v7e-m+fp/hard\libgcc.a(_arm_muldivdf3.o)
                0x00003bec                __aeabi_dmul
                0x00003bec                __muldf3
                0x00003e40                __divdf3
                0x00003e40                __aeabi_ddiv
 .text          0x00004010      0x110 d:/nxp/s32ds.3.6.0/s32ds/build_tools/gcc_v10.2/gcc-10.2-arm32-eabi/bin/../lib/gcc/arm-none-eabi/10.2.0/thumb/v7e-m+fp/hard\libgcc.a(_arm_cmpdf2.o)
                0x00004010                __gtdf2
                0x00004010                __gedf2
                0x00004018                __ltdf2
                0x00004018                __ledf2
                0x00004020                __nedf2
                0x00004020                __eqdf2
                0x00004020                __cmpdf2
                0x0000409c                __aeabi_cdrcmple
                0x000040ac                __aeabi_cdcmpeq
                0x000040ac                __aeabi_cdcmple
                0x000040bc                __aeabi_dcmpeq
                0x000040d0                __aeabi_dcmplt
                0x000040e4                __aeabi_dcmple
                0x000040f8                __aeabi_dcmpge
                0x0000410c                __aeabi_dcmpgt
 .text          0x00004120       0x50 d:/nxp/s32ds.3.6.0/s32ds/build_tools/gcc_v10.2/gcc-10.2-arm32-eabi/bin/../lib/gcc/arm-none-eabi/10.2.0/thumb/v7e-m+fp/hard\libgcc.a(_arm_fixdfsi.o)
                0x00004120                __aeabi_d2iz
                0x00004120                __fixdfsi
 .text          0x00004170       0x40 d:/nxp/s32ds.3.6.0/s32ds/build_tools/gcc_v10.2/gcc-10.2-arm32-eabi/bin/../lib/gcc/arm-none-eabi/10.2.0/thumb/v7e-m+fp/hard\libgcc.a(_arm_fixunsdfsi.o)
                0x00004170                __aeabi_d2uiz
                0x00004170                __fixunsdfsi
 *(.text*)
 .text.memset   0x000041b0       0x10 d:/nxp/s32ds.3.6.0/s32ds/build_tools/gcc_v10.2/gcc-10.2-arm32-eabi/bin/../lib/gcc/arm-none-eabi/10.2.0/../../../../arm-none-eabi/lib/thumb/v7e-m+fp/hard\libc_nano.a(lib_a-memset.o)
                0x000041b0                memset
 .text.cos      0x000041c0       0xa8 d:/nxp/s32ds.3.6.0/s32ds/build_tools/gcc_v10.2/gcc-10.2-arm32-eabi/bin/../lib/gcc/arm-none-eabi/10.2.0/../../../../arm-none-eabi/lib/thumb/v7e-m+fp/hard\libm.a(lib_a-s_cos.o)
                0x000041c0                cos
 .text.sin      0x00004268       0xb0 d:/nxp/s32ds.3.6.0/s32ds/build_tools/gcc_v10.2/gcc-10.2-arm32-eabi/bin/../lib/gcc/arm-none-eabi/10.2.0/../../../../arm-none-eabi/lib/thumb/v7e-m+fp/hard\libm.a(lib_a-s_sin.o)
                0x00004268                sin
 .text.__ieee754_rem_pio2
                0x00004318      0x414 d:/nxp/s32ds.3.6.0/s32ds/build_tools/gcc_v10.2/gcc-10.2-arm32-eabi/bin/../lib/gcc/arm-none-eabi/10.2.0/../../../../arm-none-eabi/lib/thumb/v7e-m+fp/hard\libm.a(lib_a-e_rem_pio2.o)
                0x00004318                __ieee754_rem_pio2
 *fill*         0x0000472c        0x4 
 .text.__kernel_cos
                0x00004730      0x18c d:/nxp/s32ds.3.6.0/s32ds/build_tools/gcc_v10.2/gcc-10.2-arm32-eabi/bin/../lib/gcc/arm-none-eabi/10.2.0/../../../../arm-none-eabi/lib/thumb/v7e-m+fp/hard\libm.a(lib_a-k_cos.o)
                0x00004730                __kernel_cos
 *fill*         0x000048bc        0x4 
 .text.__kernel_rem_pio2
                0x000048c0      0x698 d:/nxp/s32ds.3.6.0/s32ds/build_tools/gcc_v10.2/gcc-10.2-arm32-eabi/bin/../lib/gcc/arm-none-eabi/10.2.0/../../../../arm-none-eabi/lib/thumb/v7e-m+fp/hard\libm.a(lib_a-k_rem_pio2.o)
                0x000048c0                __kernel_rem_pio2
 .text.__kernel_sin
                0x00004f58      0x17c d:/nxp/s32ds.3.6.0/s32ds/build_tools/gcc_v10.2/gcc-10.2-arm32-eabi/bin/../lib/gcc/arm-none-eabi/10.2.0/../../../../arm-none-eabi/lib/thumb/v7e-m+fp/hard\libm.a(lib_a-k_sin.o)
                0x00004f58                __kernel_sin
 .text.fabs     0x000050d4       0x12 d:/nxp/s32ds.3.6.0/s32ds/build_tools/gcc_v10.2/gcc-10.2-arm32-eabi/bin/../lib/gcc/arm-none-eabi/10.2.0/../../../../arm-none-eabi/lib/thumb/v7e-m+fp/hard\libm.a(lib_a-s_fabs.o)
                0x000050d4                fabs
 *fill*         0x000050e6        0x2 
 .text.floor    0x000050e8      0x100 d:/nxp/s32ds.3.6.0/s32ds/build_tools/gcc_v10.2/gcc-10.2-arm32-eabi/bin/../lib/gcc/arm-none-eabi/10.2.0/../../../../arm-none-eabi/lib/thumb/v7e-m+fp/hard\libm.a(lib_a-s_floor.o)
                0x000050e8                floor
 .text.scalbn   0x000051e8      0x10c d:/nxp/s32ds.3.6.0/s32ds/build_tools/gcc_v10.2/gcc-10.2-arm32-eabi/bin/../lib/gcc/arm-none-eabi/10.2.0/../../../../arm-none-eabi/lib/thumb/v7e-m+fp/hard\libm.a(lib_a-s_scalbn.o)
                0x000051e8                scalbn
                0x000052f4                . = ALIGN (0x4)
 *(.mcal_text)
 .mcal_text     0x000052f4      0x88c ./RTD/src/Clock_Ip.o
                0x000052f6                Clock_Ip_InitClock
                0x000058d0                Clock_Ip_GetPllStatus
                0x00005974                Clock_Ip_DistributePll
                0x00005a68                Clock_Ip_Init
                0x00005a8c                Clock_Ip_DisableClockMonitor
                0x00005ab0                Clock_Ip_InstallNotificationsCallback
                0x00005abc                Clock_Ip_DisableModuleClock
                0x00005ae4                Clock_Ip_EnableModuleClock
                0x00005b0c                Clock_Ip_PowerModeChangeNotification
                0x00005b38                Clock_Ip_ReportClockErrors
                0x00005b44                Clock_Ip_StartTimeout
                0x00005b64                Clock_Ip_TimeoutExpired
 .mcal_text     0x00005b80      0x230 ./RTD/src/Clock_Ip_Divider.o
                0x00005b82                Clock_Ip_SetScgAsyncDiv1_TrustedCall
                0x00005bb8                Clock_Ip_SetScgAsyncDiv2_TrustedCall
                0x00005bf0                Clock_Ip_SetScgRunDivcore_TrustedCall
                0x00005c10                Clock_Ip_SetScgRunDivbus_TrustedCall
                0x00005c30                Clock_Ip_SetScgRunDivslow_TrustedCall
                0x00005c50                Clock_Ip_SetScgVlprDivcore_TrustedCall
                0x00005c70                Clock_Ip_SetScgVlprDivbus_TrustedCall
                0x00005c90                Clock_Ip_SetScgVlprDivslow_TrustedCall
                0x00005cb0                Clock_Ip_SetScgHsrunDivcore_TrustedCall
                0x00005cd0                Clock_Ip_SetScgHsrunDivbus_TrustedCall
                0x00005cf0                Clock_Ip_SetScgHsrunDivslow_TrustedCall
                0x00005d10                Clock_Ip_SetSimClkoutDiv_TrustedCall
                0x00005d34                Clock_Ip_SetPccPcdDivFrac_TrustedCall
                0x00005d78                Clock_Ip_SetSimTraceDivMul_TrustedCall
 .mcal_text     0x00005db0        0x2 ./RTD/src/Clock_Ip_DividerTrigger.o
 *fill*         0x00005db2        0x2 
 .mcal_text     0x00005db4      0x17c ./RTD/src/Clock_Ip_ExtOsc.o
                0x00005e04                Clock_Ip_ResetSOSC_TrustedCall
                0x00005e44                Clock_Ip_SetSOSC_TrustedCall
                0x00005ef4                Clock_Ip_DisableSOSC_TrustedCall
                0x00005f0c                Clock_Ip_EnableSOSC_TrustedCall
 .mcal_text     0x00005f30        0x6 ./RTD/src/Clock_Ip_FracDiv.o
 .mcal_text     0x00005f36        0x2 ./RTD/src/Clock_Ip_Frequency.o
                0x00005f36                Clock_Ip_SetExternalSignalFrequency
 .mcal_text     0x00005f38      0x17c ./RTD/src/Clock_Ip_Gate.o
                0x00005f3c                Clock_Ip_ClockSetSimLPO1KEnable_TrustedCall
                0x00005f70                Clock_Ip_ClockSetSimLPO32KEnable_TrustedCall
                0x00005fa8                Clock_Ip_ClockSetSimClkoutEnable_TrustedCall
                0x00005fe0                Clock_Ip_ClockSetPccCgcEnable_TrustedCall
                0x0000602c                Clock_Ip_ClockSetSimGate_TrustedCall
                0x00006078                Clock_Ip_ClockSetSimTraceEnable_TrustedCall
 .mcal_text     0x000060b4      0x414 ./RTD/src/Clock_Ip_IntOsc.o
                0x00006108                Clock_Ip_SetSirc_TrustedCall
                0x000061b0                Clock_Ip_EnableSirc_TrustedCall
                0x00006210                Clock_Ip_DisableSirc_TrustedCall
                0x00006234                Clock_Ip_SetSircVlp_TrustedCall
                0x00006270                Clock_Ip_EnableSircVlp_TrustedCall
                0x00006294                Clock_Ip_DisableSircVlp_TrustedCall
                0x000062ac                Clock_Ip_SetSircStop_TrustedCall
                0x000062e8                Clock_Ip_EnableSircStop_TrustedCall
                0x0000630c                Clock_Ip_DisableSircStop_TrustedCall
                0x00006324                Clock_Ip_SetFirc_TrustedCall
                0x00006454                Clock_Ip_EnableFirc_TrustedCall
                0x000064b0                Clock_Ip_DisableFirc_TrustedCall
 .mcal_text     0x000064c8        0x6 ./RTD/src/Clock_Ip_Monitor.o
 *fill*         0x000064ce        0x2 
 .mcal_text     0x000064d0      0x150 ./RTD/src/Clock_Ip_Pll.o
                0x00006528                Clock_Ip_ResetSpll_TrustedCall
                0x00006580                Clock_Ip_SetSpll_TrustedCall
                0x000065d8                Clock_Ip_DisableSpll_TrustedCall
                0x000065fc                Clock_Ip_EnableSpll_TrustedCall
 .mcal_text     0x00006620        0x2 ./RTD/src/Clock_Ip_ProgFreqSwitch.o
 *fill*         0x00006622        0x2 
 .mcal_text     0x00006624      0x354 ./RTD/src/Clock_Ip_Selector.o
                0x00006626                Clock_Ip_ResetScgRunSel_TrustedCall
                0x00006650                Clock_Ip_SetScgRunSel_TrustedCall
                0x0000667c                Clock_Ip_SetScgVlprSel_TrustedCall
                0x000066a8                Clock_Ip_ResetScgHsrunSel_TrustedCall
                0x000066d0                Clock_Ip_SetScgHsrunSel_TrustedCall
                0x000066fc                Clock_Ip_ResetSimRtcSel_TrustedCall
                0x00006720                Clock_Ip_SetSimRtcSel_TrustedCall
                0x00006748                Clock_Ip_ResetSimLpoSel_TrustedCall
                0x0000676c                Clock_Ip_SetSimLpoSel_TrustedCall
                0x00006794                Clock_Ip_ResetScgClkoutSel_TrustedCall
                0x000067b8                Clock_Ip_SetScgClkoutSel_TrustedCall
                0x000067e0                Clock_Ip_ResetSimFtmoptSel_TrustedCall
                0x00006828                Clock_Ip_SetSimFtmoptSel_TrustedCall
                0x00006870                Clock_Ip_ResetSimClkoutSel_TrustedCall
                0x00006888                Clock_Ip_SetSimClkoutSel_TrustedCall
                0x000068b0                Clock_Ip_ResetPccPcsSelect_TrustedCall
                0x000068e4                Clock_Ip_SetPccPcsSelect_TrustedCall
                0x00006924                Clock_Ip_ResetSimTraceSel_TrustedCall
                0x0000694c                Clock_Ip_SetSimTraceSel_TrustedCall
 .mcal_text     0x00006978      0x7a0 ./RTD/src/Clock_Ip_Specific.o
                0x00006b58                SetFircToResetValue_TrustedCall
                0x00006b74                SetSimLpoclksRegister_TrustedCall
                0x00006be8                Clock_Ip_ClockPowerModeChangeNotification
                0x00006da8                Clock_Ip_Command
 .mcal_text     0x00007118       0xa4 ./RTD/src/Det.o
                0x00007118                Det_Init
                0x0000711a                Det_ReportError
                0x00007150                Det_ReportRuntimeError
                0x00007184                Det_ReportTransientFault
                0x000071b8                Det_Start
 .mcal_text     0x000071bc       0x18 ./RTD/src/Dio.o
                0x000071bc                Dio_ReadChannel
                0x000071c0                Dio_WriteChannel
                0x000071c4                Dio_ReadPort
                0x000071c8                Dio_WritePort
                0x000071cc                Dio_ReadChannelGroup
                0x000071d0                Dio_WriteChannelGroup
 .mcal_text     0x000071d4       0xa4 ./RTD/src/Dio_Ipw.o
                0x000071d4                Dio_Ipw_ReadChannel
                0x000071e8                Dio_Ipw_WriteChannel
                0x00007204                Dio_Ipw_ReadPort
                0x00007214                Dio_Ipw_WritePort
                0x00007224                Dio_Ipw_ReadChannelGroup
                0x00007244                Dio_Ipw_WriteChannelGroup
 .mcal_text     0x00007278      0x34c ./RTD/src/Ftm_Gpt_Ip.o
                0x0000730c                Ftm_Gpt_Ip_Init
                0x0000738c                Ftm_Gpt_Ip_InitChannel
                0x000073ec                Ftm_Gpt_Ip_Deinit
                0x0000744c                Ftm_Gpt_Ip_StartCounting
                0x00007498                Ftm_Gpt_Ip_StartTimer
                0x000074c8                Ftm_Gpt_Ip_StopTimer
                0x000074dc                Ftm_Gpt_Ip_EnableChannelInterrupt
                0x000074ee                Ftm_Gpt_Ip_DisableChannelInterrupt
                0x0000758c                Ftm_Gpt_Ip_SetHalfCycleReloadPoint
                0x0000759c                FTM_0_CH_0_CH_1_ISR
 .mcal_text     0x000075c4       0x4c ./RTD/src/Gpio_Dio_Ip.o
                0x000075c4                Gpio_Dio_Ip_WritePin
                0x000075e8                Gpio_Dio_Ip_WritePins
                0x000075ec                Gpio_Dio_Ip_GetPinsOutput
                0x000075f0                Gpio_Dio_Ip_SetPins
                0x000075f4                Gpio_Dio_Ip_ClearPins
                0x000075f8                Gpio_Dio_Ip_TogglePins
                0x000075fc                Gpio_Dio_Ip_ReadPins
                0x00007600                Gpio_Dio_Ip_ReadPin
 .mcal_text     0x00007610      0x24c ./RTD/src/Gpt.o
                0x00007610                Gpt_Init
                0x0000766c                Gpt_DeInit
                0x000076e4                Gpt_StartTimer
                0x00007748                Gpt_StopTimer
                0x0000777c                Gpt_EnableNotification
                0x000077bc                Gpt_DisableNotification
                0x00007808                Gpt_ProcessCommonInterrupt
 .mcal_text     0x0000785c       0xc8 ./RTD/src/Gpt_Ipw.o
                0x0000785c                Gpt_Ipw_InitInstances
                0x00007884                Gpt_Ipw_Init
                0x00007892                Gpt_Ipw_StartTimer
                0x000078aa                Gpt_Ipw_GetTimeElapsed
                0x00007904                Gpt_Ipw_StopTimer
                0x00007912                Gpt_Ipw_EnableInterrupt
                0x00007914                Gpt_Ipw_DeInit
                0x00007920                Gpt_Ipw_DisableInterrupt
 .mcal_text     0x00007924      0x1c8 ./RTD/src/IntCtrl_Ip.o
                0x00007924                IntCtrl_Ip_InstallHandlerPrivileged
                0x00007974                IntCtrl_Ip_EnableIrqPrivileged
                0x000079a4                IntCtrl_Ip_DisableIrqPrivileged
                0x000079d8                IntCtrl_Ip_SetPriorityPrivileged
                0x00007a10                IntCtrl_Ip_GetPriorityPrivileged
                0x00007a38                IntCtrl_Ip_ClearPendingPrivileged
                0x00007a6c                IntCtrl_Ip_Init
                0x00007ad4                IntCtrl_Ip_InstallHandler
                0x00007ad8                IntCtrl_Ip_EnableIrq
                0x00007adc                IntCtrl_Ip_DisableIrq
                0x00007ae0                IntCtrl_Ip_SetPriority
                0x00007ae4                IntCtrl_Ip_GetPriority
                0x00007ae8                IntCtrl_Ip_ClearPending
 .mcal_text     0x00007aec      0x7ec ./RTD/src/Lpspi_Ip.o
                0x00007db4                Lpspi_Ip_DeInit
                0x00007de8                Lpspi_Ip_SyncTransmit
                0x000080a0                Lpspi_Ip_AsyncTransmit
                0x0000815c                Lpspi_Ip_ManageBuffers
                0x0000818c                Lpspi_Ip_UpdateFrameSize
                0x000081a8                Lpspi_Ip_UpdateLsb
                0x000081c4                Lpspi_Ip_UpdateDefaultTransmitData
                0x000081e0                Lpspi_Ip_UpdateTransferMode
                0x000081f8                Lpspi_Ip_Init
                0x00008250                Lpspi_Ip_Cancel
                0x00008298                Lpspi_Ip_IrqHandler
                0x000082c8                Lpspi_Ip_GetStatus
 .mcal_text     0x000082d8        0xe ./RTD/src/Lpspi_Ip_Irq.o
                0x000082d8                Lpspi_Ip_LPSPI_0_IRQHandler
 *fill*         0x000082e6        0x2 
 .mcal_text     0x000082e8       0xb8 ./RTD/src/Mcu.o
                0x000082e8                Mcu_Init
                0x00008338                Mcu_InitRamSection
                0x0000833c                Mcu_InitClock
                0x00008360                Mcu_SetMode
                0x0000838c                Mcu_GetPllStatus
                0x00008390                Mcu_GetResetReason
                0x00008394                Mcu_GetResetRawValue
                0x00008398                Mcu_SleepOnExit
                0x0000839c                Mcu_ClkSrcFailureNotification
 .mcal_text     0x000083a0       0x1e ./RTD/src/Mcu_Ipw.o
                0x000083a0                Mcu_Ipw_Init
                0x000083a4                Mcu_Ipw_InitClock
                0x000083a8                Mcu_Ipw_SetMode
                0x000083ac                Mcu_Ipw_GetResetReason
                0x000083b0                Mcu_Ipw_GetResetRawValue
                0x000083b4                Mcu_Ipw_SleepOnExit
 *fill*         0x000083be        0x2 
 .mcal_text     0x000083c0      0x324 ./RTD/src/Mpu_Ip.o
                0x000083c0                Mpu_Ip_SetRegionConfig_Privileged
                0x00008420                Mpu_Ip_Deinit_Privileged
                0x00008484                Mpu_Ip_Init_Privileged
                0x000084fc                Mpu_Ip_EnableRegion_Privileged
                0x00008538                Mpu_Ip_SetAccessMode_Privileged
                0x00008612                Mpu_Ip_GetErrorDetails_Privileged
                0x000086cc                Mpu_Ip_Init
                0x000086d0                Mpu_Ip_SetRegionConfig
                0x000086d4                Mpu_Ip_Deinit
                0x000086d8                Mpu_Ip_EnableRegion
                0x000086dc                Mpu_Ip_SetAccessMode
                0x000086e0                Mpu_Ip_GetErrorDetails
 .mcal_text     0x000086e4       0x1e ./RTD/src/OsIf_Timer.o
                0x000086e4                OsIf_Init
                0x000086ec                OsIf_GetCounter
                0x000086f0                OsIf_GetElapsed
                0x000086f8                OsIf_SetTimerFrequency
                0x000086fa                OsIf_MicrosToTicks
 .mcal_text     0x00008702       0x44 ./RTD/src/OsIf_Timer_System_Internal_Systick.o
                0x00008702                OsIf_Timer_System_Internal_Init
                0x00008718                OsIf_Timer_System_Internal_GetCounter
                0x00008724                OsIf_Timer_System_Internal_GetElapsed
 *fill*         0x00008746        0x2 
 .mcal_text     0x00008748       0xdc ./RTD/src/Platform.o
                0x00008748                Platform_Init
                0x00008774                Platform_SetIrq
                0x0000879e                Platform_SetIrqPriority
                0x000087c0                Platform_GetIrqPriority
                0x000087ea                Platform_InstallIrqHandler
                0x00008808                Platform_Mpu_SetRegionConfig
                0x0000880c                Platform_Mpu_EnableRegion
                0x00008810                Platform_Mpu_SetAccessMode
                0x00008814                Platform_Mpu_GetErrorDetails
 .mcal_text     0x00008824       0x68 ./RTD/src/Platform_Ipw.o
                0x00008824                Platform_Ipw_Init
                0x00008876                Platform_Ipw_Mpu_Init
                0x0000887c                Platform_Ipw_Mpu_SetRegionConfig
                0x00008880                Platform_Ipw_Mpu_EnableRegion
                0x00008884                Platform_Ipw_Mpu_SetAccessMode
                0x00008888                Platform_Ipw_Mpu_GetErrorDetails
 .mcal_text     0x0000888c       0xe0 ./RTD/src/Port.o
                0x0000888c                Port_Init
                0x000088c4                Port_SetPinDirection
                0x000088f4                Port_SetPinMode
                0x00008920                Port_RefreshPortDirection
                0x0000894c                Port_GetVersionInfo
 .mcal_text     0x0000896c      0x274 ./RTD/src/Port_Ci_Port_Ip.o
                0x0000896c                Port_Ci_Port_Ip_ConfigureInterleave
                0x00008a00                Port_Ci_Port_Ip_Init
                0x00008b34                Port_Ci_Port_Ip_SetMuxModeSel
                0x00008b60                Port_Ci_Port_Ip_EnableDigitalFilter
                0x00008b82                Port_Ci_Port_Ip_DisableDigitalFilter
                0x00008ba6                Port_Ci_Port_Ip_ConfigDigitalFilter
                0x00008bbc                Port_Ci_Port_Ip_SetGlobalPinControl
 .mcal_text     0x00008be0      0x428 ./RTD/src/Port_Ipw.o
                0x00008be0                Port_Ipw_Init
                0x00008d4c                Port_Ipw_SetPinDirection
                0x00008e0c                Port_Ipw_SetGpioDirChangeability
                0x00008e44                Port_Ipw_SetGpioPadOutput
                0x00008e84                Port_Ipw_SetPinMode
                0x00008f54                Port_Ipw_RefreshPortDirection
 .mcal_text     0x00009008       0x98 ./RTD/src/Power_Ip.o
                0x00009008                Power_Ip_SetMode
                0x00009058                Power_Ip_GetResetReason
                0x00009070                Power_Ip_GetResetRawValue
                0x00009074                Power_Ip_Init
                0x0000908e                Power_Ip_DisableSleepOnExit
                0x00009092                Power_Ip_EnableSleepOnExit
                0x00009096                Power_Ip_InstallNotificationsCallback
 .mcal_text     0x000090a0       0x40 ./RTD/src/Power_Ip_CortexM4.o
                0x000090a0                Power_Ip_CM4_DisableSleepOnExit
                0x000090b0                Power_Ip_CM4_EnableSleepOnExit
                0x000090c0                Power_Ip_CM4_EnableDeepSleep
                0x000090d0                Power_Ip_CM4_DisableDeepSleep
 .mcal_text     0x000090e0       0x2c ./RTD/src/Power_Ip_PMC.o
                0x000090e0                Power_Ip_PMC_PowerInit
 .mcal_text     0x0000910c       0x4c ./RTD/src/Power_Ip_Private.o
                0x0000910c                Power_Ip_ReportPowerErrors
                0x00009118                Power_Ip_ReportPowerErrorsEmptyCallback
                0x0000911a                Power_Ip_StartTimeout
                0x0000913a                Power_Ip_TimeoutExpired
 .mcal_text     0x00009158       0x9c ./RTD/src/Power_Ip_RCM.o
                0x00009158                Power_Ip_RCM_ResetInit
                0x00009178                Power_Ip_RCM_GetResetReason
                0x000091d4                Power_Ip_RCM_GetResetRawValue
 .mcal_text     0x000091f4      0x138 ./RTD/src/Power_Ip_SMC.o
                0x000091f4                Power_Ip_SMC_AllowedModesConfig
                0x00009204                Power_Ip_SMC_ModeCheckEntry
                0x00009240                Power_Ip_SMC_ModeConfig
 .mcal_text     0x0000932c       0xe4 ./RTD/src/Ram_Ip.o
                0x0000932c                Ram_Ip_InitRamSection
 .mcal_text     0x00009410       0xc8 ./RTD/src/SchM_Dio.o
                0x00009410                SchM_Enter_Dio_DIO_EXCLUSIVE_AREA_00
                0x00009444                SchM_Exit_Dio_DIO_EXCLUSIVE_AREA_00
                0x00009474                SchM_Enter_Dio_DIO_EXCLUSIVE_AREA_01
                0x000094a8                SchM_Exit_Dio_DIO_EXCLUSIVE_AREA_01
 .mcal_text     0x000094d8     0x1450 ./RTD/src/SchM_Gpt.o
                0x000094d8                SchM_Enter_Gpt_GPT_EXCLUSIVE_AREA_00
                0x0000950c                SchM_Exit_Gpt_GPT_EXCLUSIVE_AREA_00
                0x0000953c                SchM_Enter_Gpt_GPT_EXCLUSIVE_AREA_01
                0x00009570                SchM_Exit_Gpt_GPT_EXCLUSIVE_AREA_01
                0x000095a0                SchM_Enter_Gpt_GPT_EXCLUSIVE_AREA_02
                0x000095d4                SchM_Exit_Gpt_GPT_EXCLUSIVE_AREA_02
                0x00009604                SchM_Enter_Gpt_GPT_EXCLUSIVE_AREA_03
                0x00009638                SchM_Exit_Gpt_GPT_EXCLUSIVE_AREA_03
                0x00009668                SchM_Enter_Gpt_GPT_EXCLUSIVE_AREA_04
                0x0000969c                SchM_Exit_Gpt_GPT_EXCLUSIVE_AREA_04
                0x000096cc                SchM_Enter_Gpt_GPT_EXCLUSIVE_AREA_05
                0x00009700                SchM_Exit_Gpt_GPT_EXCLUSIVE_AREA_05
                0x00009730                SchM_Enter_Gpt_GPT_EXCLUSIVE_AREA_06
                0x00009764                SchM_Exit_Gpt_GPT_EXCLUSIVE_AREA_06
                0x00009794                SchM_Enter_Gpt_GPT_EXCLUSIVE_AREA_07
                0x000097c8                SchM_Exit_Gpt_GPT_EXCLUSIVE_AREA_07
                0x000097f8                SchM_Enter_Gpt_GPT_EXCLUSIVE_AREA_10
                0x0000982c                SchM_Exit_Gpt_GPT_EXCLUSIVE_AREA_10
                0x0000985c                SchM_Enter_Gpt_GPT_EXCLUSIVE_AREA_11
                0x00009890                SchM_Exit_Gpt_GPT_EXCLUSIVE_AREA_11
                0x000098c0                SchM_Enter_Gpt_GPT_EXCLUSIVE_AREA_17
                0x000098f4                SchM_Exit_Gpt_GPT_EXCLUSIVE_AREA_17
                0x00009924                SchM_Enter_Gpt_GPT_EXCLUSIVE_AREA_21
                0x00009958                SchM_Exit_Gpt_GPT_EXCLUSIVE_AREA_21
                0x00009988                SchM_Enter_Gpt_GPT_EXCLUSIVE_AREA_22
                0x000099bc                SchM_Exit_Gpt_GPT_EXCLUSIVE_AREA_22
                0x000099ec                SchM_Enter_Gpt_GPT_EXCLUSIVE_AREA_23
                0x00009a20                SchM_Exit_Gpt_GPT_EXCLUSIVE_AREA_23
                0x00009a50                SchM_Enter_Gpt_GPT_EXCLUSIVE_AREA_24
                0x00009a84                SchM_Exit_Gpt_GPT_EXCLUSIVE_AREA_24
                0x00009ab4                SchM_Enter_Gpt_GPT_EXCLUSIVE_AREA_25
                0x00009ae8                SchM_Exit_Gpt_GPT_EXCLUSIVE_AREA_25
                0x00009b18                SchM_Enter_Gpt_GPT_EXCLUSIVE_AREA_26
                0x00009b4c                SchM_Exit_Gpt_GPT_EXCLUSIVE_AREA_26
                0x00009b7c                SchM_Enter_Gpt_GPT_EXCLUSIVE_AREA_29
                0x00009bb0                SchM_Exit_Gpt_GPT_EXCLUSIVE_AREA_29
                0x00009be0                SchM_Enter_Gpt_GPT_EXCLUSIVE_AREA_30
                0x00009c14                SchM_Exit_Gpt_GPT_EXCLUSIVE_AREA_30
                0x00009c44                SchM_Enter_Gpt_GPT_EXCLUSIVE_AREA_31
                0x00009c78                SchM_Exit_Gpt_GPT_EXCLUSIVE_AREA_31
                0x00009ca8                SchM_Enter_Gpt_GPT_EXCLUSIVE_AREA_35
                0x00009cdc                SchM_Exit_Gpt_GPT_EXCLUSIVE_AREA_35
                0x00009d0c                SchM_Enter_Gpt_GPT_EXCLUSIVE_AREA_36
                0x00009d40                SchM_Exit_Gpt_GPT_EXCLUSIVE_AREA_36
                0x00009d70                SchM_Enter_Gpt_GPT_EXCLUSIVE_AREA_38
                0x00009da4                SchM_Exit_Gpt_GPT_EXCLUSIVE_AREA_38
                0x00009dd4                SchM_Enter_Gpt_GPT_EXCLUSIVE_AREA_39
                0x00009e08                SchM_Exit_Gpt_GPT_EXCLUSIVE_AREA_39
                0x00009e38                SchM_Enter_Gpt_GPT_EXCLUSIVE_AREA_40
                0x00009e6c                SchM_Exit_Gpt_GPT_EXCLUSIVE_AREA_40
                0x00009e9c                SchM_Enter_Gpt_GPT_EXCLUSIVE_AREA_41
                0x00009ed0                SchM_Exit_Gpt_GPT_EXCLUSIVE_AREA_41
                0x00009f00                SchM_Enter_Gpt_GPT_EXCLUSIVE_AREA_42
                0x00009f34                SchM_Exit_Gpt_GPT_EXCLUSIVE_AREA_42
                0x00009f64                SchM_Enter_Gpt_GPT_EXCLUSIVE_AREA_43
                0x00009f98                SchM_Exit_Gpt_GPT_EXCLUSIVE_AREA_43
                0x00009fc8                SchM_Enter_Gpt_GPT_EXCLUSIVE_AREA_44
                0x00009ffc                SchM_Exit_Gpt_GPT_EXCLUSIVE_AREA_44
                0x0000a02c                SchM_Enter_Gpt_GPT_EXCLUSIVE_AREA_45
                0x0000a060                SchM_Exit_Gpt_GPT_EXCLUSIVE_AREA_45
                0x0000a090                SchM_Enter_Gpt_GPT_EXCLUSIVE_AREA_46
                0x0000a0c4                SchM_Exit_Gpt_GPT_EXCLUSIVE_AREA_46
                0x0000a0f4                SchM_Enter_Gpt_GPT_EXCLUSIVE_AREA_50
                0x0000a128                SchM_Exit_Gpt_GPT_EXCLUSIVE_AREA_50
                0x0000a158                SchM_Enter_Gpt_GPT_EXCLUSIVE_AREA_51
                0x0000a18c                SchM_Exit_Gpt_GPT_EXCLUSIVE_AREA_51
                0x0000a1bc                SchM_Enter_Gpt_GPT_EXCLUSIVE_AREA_52
                0x0000a1f0                SchM_Exit_Gpt_GPT_EXCLUSIVE_AREA_52
                0x0000a220                SchM_Enter_Gpt_GPT_EXCLUSIVE_AREA_53
                0x0000a254                SchM_Exit_Gpt_GPT_EXCLUSIVE_AREA_53
                0x0000a284                SchM_Enter_Gpt_GPT_EXCLUSIVE_AREA_54
                0x0000a2b8                SchM_Exit_Gpt_GPT_EXCLUSIVE_AREA_54
                0x0000a2e8                SchM_Enter_Gpt_GPT_EXCLUSIVE_AREA_55
                0x0000a31c                SchM_Exit_Gpt_GPT_EXCLUSIVE_AREA_55
                0x0000a34c                SchM_Enter_Gpt_GPT_EXCLUSIVE_AREA_56
                0x0000a380                SchM_Exit_Gpt_GPT_EXCLUSIVE_AREA_56
                0x0000a3b0                SchM_Enter_Gpt_GPT_EXCLUSIVE_AREA_60
                0x0000a3e4                SchM_Exit_Gpt_GPT_EXCLUSIVE_AREA_60
                0x0000a414                SchM_Enter_Gpt_GPT_EXCLUSIVE_AREA_61
                0x0000a448                SchM_Exit_Gpt_GPT_EXCLUSIVE_AREA_61
                0x0000a478                SchM_Enter_Gpt_GPT_EXCLUSIVE_AREA_62
                0x0000a4ac                SchM_Exit_Gpt_GPT_EXCLUSIVE_AREA_62
                0x0000a4dc                SchM_Enter_Gpt_GPT_EXCLUSIVE_AREA_63
                0x0000a510                SchM_Exit_Gpt_GPT_EXCLUSIVE_AREA_63
                0x0000a540                SchM_Enter_Gpt_GPT_EXCLUSIVE_AREA_64
                0x0000a574                SchM_Exit_Gpt_GPT_EXCLUSIVE_AREA_64
                0x0000a5a4                SchM_Enter_Gpt_GPT_EXCLUSIVE_AREA_65
                0x0000a5d8                SchM_Exit_Gpt_GPT_EXCLUSIVE_AREA_65
                0x0000a608                SchM_Enter_Gpt_GPT_EXCLUSIVE_AREA_66
                0x0000a63c                SchM_Exit_Gpt_GPT_EXCLUSIVE_AREA_66
                0x0000a66c                SchM_Enter_Gpt_GPT_EXCLUSIVE_AREA_67
                0x0000a6a0                SchM_Exit_Gpt_GPT_EXCLUSIVE_AREA_67
                0x0000a6d0                SchM_Enter_Gpt_GPT_EXCLUSIVE_AREA_68
                0x0000a704                SchM_Exit_Gpt_GPT_EXCLUSIVE_AREA_68
                0x0000a734                SchM_Enter_Gpt_GPT_EXCLUSIVE_AREA_69
                0x0000a768                SchM_Exit_Gpt_GPT_EXCLUSIVE_AREA_69
                0x0000a798                SchM_Enter_Gpt_GPT_EXCLUSIVE_AREA_70
                0x0000a7cc                SchM_Exit_Gpt_GPT_EXCLUSIVE_AREA_70
                0x0000a7fc                SchM_Enter_Gpt_GPT_EXCLUSIVE_AREA_71
                0x0000a830                SchM_Exit_Gpt_GPT_EXCLUSIVE_AREA_71
                0x0000a860                SchM_Enter_Gpt_GPT_EXCLUSIVE_AREA_72
                0x0000a894                SchM_Exit_Gpt_GPT_EXCLUSIVE_AREA_72
                0x0000a8c4                SchM_Enter_Gpt_GPT_EXCLUSIVE_AREA_73
                0x0000a8f8                SchM_Exit_Gpt_GPT_EXCLUSIVE_AREA_73
 .mcal_text     0x0000a928      0x12c ./RTD/src/SchM_Mcu.o
                0x0000a928                SchM_Enter_Mcu_MCU_EXCLUSIVE_AREA_00
                0x0000a95c                SchM_Exit_Mcu_MCU_EXCLUSIVE_AREA_00
                0x0000a98c                SchM_Enter_Mcu_MCU_EXCLUSIVE_AREA_01
                0x0000a9c0                SchM_Exit_Mcu_MCU_EXCLUSIVE_AREA_01
                0x0000a9f0                SchM_Enter_Mcu_MCU_EXCLUSIVE_AREA_02
                0x0000aa24                SchM_Exit_Mcu_MCU_EXCLUSIVE_AREA_02
 .mcal_text     0x0000aa54      0x514 ./RTD/src/SchM_Platform.o
                0x0000aa54                SchM_Enter_Platform_PLATFORM_EXCLUSIVE_AREA_00
                0x0000aa88                SchM_Exit_Platform_PLATFORM_EXCLUSIVE_AREA_00
                0x0000aab8                SchM_Enter_Platform_PLATFORM_EXCLUSIVE_AREA_01
                0x0000aaec                SchM_Exit_Platform_PLATFORM_EXCLUSIVE_AREA_01
                0x0000ab1c                SchM_Enter_Platform_PLATFORM_EXCLUSIVE_AREA_02
                0x0000ab50                SchM_Exit_Platform_PLATFORM_EXCLUSIVE_AREA_02
                0x0000ab80                SchM_Enter_Platform_PLATFORM_EXCLUSIVE_AREA_03
                0x0000abb4                SchM_Exit_Platform_PLATFORM_EXCLUSIVE_AREA_03
                0x0000abe4                SchM_Enter_Platform_PLATFORM_EXCLUSIVE_AREA_04
                0x0000ac18                SchM_Exit_Platform_PLATFORM_EXCLUSIVE_AREA_04
                0x0000ac48                SchM_Enter_Platform_PLATFORM_EXCLUSIVE_AREA_05
                0x0000ac7c                SchM_Exit_Platform_PLATFORM_EXCLUSIVE_AREA_05
                0x0000acac                SchM_Enter_Platform_PLATFORM_EXCLUSIVE_AREA_06
                0x0000ace0                SchM_Exit_Platform_PLATFORM_EXCLUSIVE_AREA_06
                0x0000ad10                SchM_Enter_Platform_PLATFORM_EXCLUSIVE_AREA_07
                0x0000ad44                SchM_Exit_Platform_PLATFORM_EXCLUSIVE_AREA_07
                0x0000ad74                SchM_Enter_Platform_PLATFORM_EXCLUSIVE_AREA_08
                0x0000ada8                SchM_Exit_Platform_PLATFORM_EXCLUSIVE_AREA_08
                0x0000add8                SchM_Enter_Platform_PLATFORM_EXCLUSIVE_AREA_09
                0x0000ae0c                SchM_Exit_Platform_PLATFORM_EXCLUSIVE_AREA_09
                0x0000ae3c                SchM_Enter_Platform_PLATFORM_EXCLUSIVE_AREA_10
                0x0000ae70                SchM_Exit_Platform_PLATFORM_EXCLUSIVE_AREA_10
                0x0000aea0                SchM_Enter_Platform_PLATFORM_EXCLUSIVE_AREA_11
                0x0000aed4                SchM_Exit_Platform_PLATFORM_EXCLUSIVE_AREA_11
                0x0000af04                SchM_Enter_Platform_PLATFORM_EXCLUSIVE_AREA_12
                0x0000af38                SchM_Exit_Platform_PLATFORM_EXCLUSIVE_AREA_12
 .mcal_text     0x0000af68      0xaf0 ./RTD/src/SchM_Port.o
                0x0000af68                SchM_Enter_Port_PORT_EXCLUSIVE_AREA_00
                0x0000af9c                SchM_Exit_Port_PORT_EXCLUSIVE_AREA_00
                0x0000afcc                SchM_Enter_Port_PORT_EXCLUSIVE_AREA_01
                0x0000b000                SchM_Exit_Port_PORT_EXCLUSIVE_AREA_01
                0x0000b030                SchM_Enter_Port_PORT_EXCLUSIVE_AREA_02
                0x0000b064                SchM_Exit_Port_PORT_EXCLUSIVE_AREA_02
                0x0000b094                SchM_Enter_Port_PORT_EXCLUSIVE_AREA_03
                0x0000b0c8                SchM_Exit_Port_PORT_EXCLUSIVE_AREA_03
                0x0000b0f8                SchM_Enter_Port_PORT_EXCLUSIVE_AREA_04
                0x0000b12c                SchM_Exit_Port_PORT_EXCLUSIVE_AREA_04
                0x0000b15c                SchM_Enter_Port_PORT_EXCLUSIVE_AREA_05
                0x0000b190                SchM_Exit_Port_PORT_EXCLUSIVE_AREA_05
                0x0000b1c0                SchM_Enter_Port_PORT_EXCLUSIVE_AREA_06
                0x0000b1f4                SchM_Exit_Port_PORT_EXCLUSIVE_AREA_06
                0x0000b224                SchM_Enter_Port_PORT_EXCLUSIVE_AREA_07
                0x0000b258                SchM_Exit_Port_PORT_EXCLUSIVE_AREA_07
                0x0000b288                SchM_Enter_Port_PORT_EXCLUSIVE_AREA_08
                0x0000b2bc                SchM_Exit_Port_PORT_EXCLUSIVE_AREA_08
                0x0000b2ec                SchM_Enter_Port_PORT_EXCLUSIVE_AREA_09
                0x0000b320                SchM_Exit_Port_PORT_EXCLUSIVE_AREA_09
                0x0000b350                SchM_Enter_Port_PORT_EXCLUSIVE_AREA_10
                0x0000b384                SchM_Exit_Port_PORT_EXCLUSIVE_AREA_10
                0x0000b3b4                SchM_Enter_Port_PORT_EXCLUSIVE_AREA_11
                0x0000b3e8                SchM_Exit_Port_PORT_EXCLUSIVE_AREA_11
                0x0000b418                SchM_Enter_Port_PORT_EXCLUSIVE_AREA_12
                0x0000b44c                SchM_Exit_Port_PORT_EXCLUSIVE_AREA_12
                0x0000b47c                SchM_Enter_Port_PORT_EXCLUSIVE_AREA_13
                0x0000b4b0                SchM_Exit_Port_PORT_EXCLUSIVE_AREA_13
                0x0000b4e0                SchM_Enter_Port_PORT_EXCLUSIVE_AREA_14
                0x0000b514                SchM_Exit_Port_PORT_EXCLUSIVE_AREA_14
                0x0000b544                SchM_Enter_Port_PORT_EXCLUSIVE_AREA_15
                0x0000b578                SchM_Exit_Port_PORT_EXCLUSIVE_AREA_15
                0x0000b5a8                SchM_Enter_Port_PORT_EXCLUSIVE_AREA_16
                0x0000b5dc                SchM_Exit_Port_PORT_EXCLUSIVE_AREA_16
                0x0000b60c                SchM_Enter_Port_PORT_EXCLUSIVE_AREA_17
                0x0000b640                SchM_Exit_Port_PORT_EXCLUSIVE_AREA_17
                0x0000b670                SchM_Enter_Port_PORT_EXCLUSIVE_AREA_18
                0x0000b6a4                SchM_Exit_Port_PORT_EXCLUSIVE_AREA_18
                0x0000b6d4                SchM_Enter_Port_PORT_EXCLUSIVE_AREA_19
                0x0000b708                SchM_Exit_Port_PORT_EXCLUSIVE_AREA_19
                0x0000b738                SchM_Enter_Port_PORT_EXCLUSIVE_AREA_20
                0x0000b76c                SchM_Exit_Port_PORT_EXCLUSIVE_AREA_20
                0x0000b79c                SchM_Enter_Port_PORT_EXCLUSIVE_AREA_21
                0x0000b7d0                SchM_Exit_Port_PORT_EXCLUSIVE_AREA_21
                0x0000b800                SchM_Enter_Port_PORT_EXCLUSIVE_AREA_22
                0x0000b834                SchM_Exit_Port_PORT_EXCLUSIVE_AREA_22
                0x0000b864                SchM_Enter_Port_PORT_EXCLUSIVE_AREA_23
                0x0000b898                SchM_Exit_Port_PORT_EXCLUSIVE_AREA_23
                0x0000b8c8                SchM_Enter_Port_PORT_EXCLUSIVE_AREA_24
                0x0000b8fc                SchM_Exit_Port_PORT_EXCLUSIVE_AREA_24
                0x0000b92c                SchM_Enter_Port_PORT_EXCLUSIVE_AREA_25
                0x0000b960                SchM_Exit_Port_PORT_EXCLUSIVE_AREA_25
                0x0000b990                SchM_Enter_Port_PORT_EXCLUSIVE_AREA_26
                0x0000b9c4                SchM_Exit_Port_PORT_EXCLUSIVE_AREA_26
                0x0000b9f4                SchM_Enter_Port_PORT_EXCLUSIVE_AREA_27
                0x0000ba28                SchM_Exit_Port_PORT_EXCLUSIVE_AREA_27
 .mcal_text     0x0000ba58      0x76c ./RTD/src/SchM_Spi.o
                0x0000ba58                SchM_Enter_Spi_SPI_EXCLUSIVE_AREA_00
                0x0000ba8c                SchM_Exit_Spi_SPI_EXCLUSIVE_AREA_00
                0x0000babc                SchM_Enter_Spi_SPI_EXCLUSIVE_AREA_01
                0x0000baf0                SchM_Exit_Spi_SPI_EXCLUSIVE_AREA_01
                0x0000bb20                SchM_Enter_Spi_SPI_EXCLUSIVE_AREA_02
                0x0000bb54                SchM_Exit_Spi_SPI_EXCLUSIVE_AREA_02
                0x0000bb84                SchM_Enter_Spi_SPI_EXCLUSIVE_AREA_03
                0x0000bbb8                SchM_Exit_Spi_SPI_EXCLUSIVE_AREA_03
                0x0000bbe8                SchM_Enter_Spi_SPI_EXCLUSIVE_AREA_04
                0x0000bc1c                SchM_Exit_Spi_SPI_EXCLUSIVE_AREA_04
                0x0000bc4c                SchM_Enter_Spi_SPI_EXCLUSIVE_AREA_05
                0x0000bc80                SchM_Exit_Spi_SPI_EXCLUSIVE_AREA_05
                0x0000bcb0                SchM_Enter_Spi_SPI_EXCLUSIVE_AREA_06
                0x0000bce4                SchM_Exit_Spi_SPI_EXCLUSIVE_AREA_06
                0x0000bd14                SchM_Enter_Spi_SPI_EXCLUSIVE_AREA_07
                0x0000bd48                SchM_Exit_Spi_SPI_EXCLUSIVE_AREA_07
                0x0000bd78                SchM_Enter_Spi_SPI_EXCLUSIVE_AREA_08
                0x0000bdac                SchM_Exit_Spi_SPI_EXCLUSIVE_AREA_08
                0x0000bddc                SchM_Enter_Spi_SPI_EXCLUSIVE_AREA_09
                0x0000be10                SchM_Exit_Spi_SPI_EXCLUSIVE_AREA_09
                0x0000be40                SchM_Enter_Spi_SPI_EXCLUSIVE_AREA_10
                0x0000be74                SchM_Exit_Spi_SPI_EXCLUSIVE_AREA_10
                0x0000bea4                SchM_Enter_Spi_SPI_EXCLUSIVE_AREA_11
                0x0000bed8                SchM_Exit_Spi_SPI_EXCLUSIVE_AREA_11
                0x0000bf08                SchM_Enter_Spi_SPI_EXCLUSIVE_AREA_12
                0x0000bf3c                SchM_Exit_Spi_SPI_EXCLUSIVE_AREA_12
                0x0000bf6c                SchM_Enter_Spi_SPI_EXCLUSIVE_AREA_13
                0x0000bfa0                SchM_Exit_Spi_SPI_EXCLUSIVE_AREA_13
                0x0000bfd0                SchM_Enter_Spi_SPI_EXCLUSIVE_AREA_14
                0x0000c004                SchM_Exit_Spi_SPI_EXCLUSIVE_AREA_14
                0x0000c034                SchM_Enter_Spi_SPI_EXCLUSIVE_AREA_15
                0x0000c068                SchM_Exit_Spi_SPI_EXCLUSIVE_AREA_15
                0x0000c098                SchM_Enter_Spi_SPI_EXCLUSIVE_AREA_16
                0x0000c0cc                SchM_Exit_Spi_SPI_EXCLUSIVE_AREA_16
                0x0000c0fc                SchM_Enter_Spi_SPI_EXCLUSIVE_AREA_17
                0x0000c130                SchM_Exit_Spi_SPI_EXCLUSIVE_AREA_17
                0x0000c160                SchM_Enter_Spi_SPI_EXCLUSIVE_AREA_18
                0x0000c194                SchM_Exit_Spi_SPI_EXCLUSIVE_AREA_18
 .mcal_text     0x0000c1c4      0xb24 ./RTD/src/Spi.o
                0x0000c308                Spi_GetVersionInfo
                0x0000c328                Spi_Init
                0x0000c424                Spi_WriteIB
                0x0000c4a4                Spi_AsyncTransmit
                0x0000c69c                Spi_ReadIB
                0x0000c6e8                Spi_SetupEB
                0x0000c7a4                Spi_GetStatus
                0x0000c7f0                Spi_DeInit
                0x0000c834                Spi_GetJobResult
                0x0000c87c                Spi_GetSequenceResult
                0x0000c8c4                Spi_SyncTransmit
                0x0000cad8                Spi_GetHWUnitStatus
                0x0000cb14                Spi_Cancel
                0x0000cb58                Spi_SetAsyncMode
                0x0000cbb8                Spi_MainFunction_Handling
                0x0000cbe4                Spi_JobTransferFinished
 .mcal_text     0x0000cce8      0x428 ./RTD/src/Spi_Ipw.o
                0x0000ce1a                Spi_Ipw_Init
                0x0000ce30                Spi_Ipw_DeInit
                0x0000ce4c                Spi_Ipw_SyncTransmit
                0x0000cfd8                Spi_Ipw_IrqPoll
                0x0000d004                Spi_Ipw_IrqConfig
                0x0000d030                Spi_Ipw_JobTransfer
 .mcal_text     0x0000d110       0x20 ./RTD/src/System_Ip.o
                0x0000d110                System_Ip_ConfigIrq
                0x0000d130                . = ALIGN (0x4)
                0x0000d130                acfls_code_rom_start = .
                0x0000d130                . = ALIGN (0x4)
 *(.acfls_code_rom)
                0x0000d130                . = ALIGN (0x4)
 *(.acmem_43_INFLS_code_rom)
                0x0000d130                . = ALIGN (0x4)
                0x0000d130                acfls_code_rom_end = .
 *(.init)
                0x0000d130                . = ALIGN (0x4)
 *(.fini)
                0x0000d130                . = ALIGN (0x4)
 *(.rodata)
 .rodata        0x0000d130        0xc ./generate/src/Mpu_Ip_Cfg.o
                0x0000d130                Mpu_Config
 .rodata        0x0000d13c        0x6 ./src/FT81_misc.o
 *(.rodata*)
 *fill*         0x0000d142        0x2 
 .rodata.npio2_hw
                0x0000d144       0x80 d:/nxp/s32ds.3.6.0/s32ds/build_tools/gcc_v10.2/gcc-10.2-arm32-eabi/bin/../lib/gcc/arm-none-eabi/10.2.0/../../../../arm-none-eabi/lib/thumb/v7e-m+fp/hard\libm.a(lib_a-e_rem_pio2.o)
 .rodata.two_over_pi
                0x0000d1c4      0x108 d:/nxp/s32ds.3.6.0/s32ds/build_tools/gcc_v10.2/gcc-10.2-arm32-eabi/bin/../lib/gcc/arm-none-eabi/10.2.0/../../../../arm-none-eabi/lib/thumb/v7e-m+fp/hard\libm.a(lib_a-e_rem_pio2.o)
 *fill*         0x0000d2cc        0x4 
 .rodata.PIo2   0x0000d2d0       0x40 d:/nxp/s32ds.3.6.0/s32ds/build_tools/gcc_v10.2/gcc-10.2-arm32-eabi/bin/../lib/gcc/arm-none-eabi/10.2.0/../../../../arm-none-eabi/lib/thumb/v7e-m+fp/hard\libm.a(lib_a-k_rem_pio2.o)
 .rodata.init_jk
                0x0000d310       0x10 d:/nxp/s32ds.3.6.0/s32ds/build_tools/gcc_v10.2/gcc-10.2-arm32-eabi/bin/../lib/gcc/arm-none-eabi/10.2.0/../../../../arm-none-eabi/lib/thumb/v7e-m+fp/hard\libm.a(lib_a-k_rem_pio2.o)
                0x0000d320                . = ALIGN (0x4)
 *(.mcal_const_cfg)
 .mcal_const_cfg
                0x0000d320      0x3f8 ./generate/src/Clock_Ip_VS_0_PBcfg.o
                0x0000d320                Mcu_aClockConfigPB_VS_0
 .mcal_const_cfg
                0x0000d718       0x10 ./generate/src/Dio_Cfg.o
                0x0000d718                Dio_Config
 .mcal_const_cfg
                0x0000d728       0x20 ./generate/src/Ftm_Gpt_Ip_VS_0_PBcfg.o
                0x0000d728                FTM_0_ChannelConfig_PB_VS_0
                0x0000d738                FTM_0_InitConfig_PB_VS_0
 .mcal_const_cfg
                0x0000d748       0x28 ./generate/src/Gpt_VS_0_PBcfg.o
                0x0000d748                Gpt_Config
 .mcal_const_cfg
                0x0000d770       0x14 ./generate/src/IntCtrl_Ip_Cfg.o
                0x0000d770                intCtrlConfig
 .mcal_const_cfg
                0x0000d784       0x24 ./generate/src/Lpspi_Ip_VS_0_PBcfg.o
                0x0000d784                Lpspi_Ip_PhyUnitConfig_SpiPhyUnit_0_Instance_0_VS_0
                0x0000d798                Lpspi_Ip_DeviceAttributes_SpiExternalDevice_Display_Instance_0_VS_0
 .mcal_const_cfg
                0x0000d7a8       0x1c ./generate/src/Mcu_VS_0_PBcfg.o
                0x0000d7a8                Mcu_Config_VS_0
 .mcal_const_cfg
                0x0000d7c4       0x18 ./generate/src/Mpu_Ip_Cfg.o
                0x0000d7c8                Mpu_Configuration_RegionConfig
 .mcal_const_cfg
                0x0000d7dc        0x8 ./generate/src/Platform_Cfg.o
                0x0000d7dc                Platform_Config
 .mcal_const_cfg
                0x0000d7e4        0xc ./generate/src/Platform_Ipw_Cfg.o
                0x0000d7e4                ipwConfig
 .mcal_const_cfg
                0x0000d7f0       0xc8 ./generate/src/Port_Ci_Port_Ip_VS_0_PBcfg.o
                0x0000d7f0                g_pin_mux_InitConfigArr_VS_0
 .mcal_const_cfg
                0x0000d8b8      0x149 ./generate/src/Port_VS_0_PBcfg.o
                0x0000d8b8                Port_Config
 *fill*         0x0000da01        0x3 
 .mcal_const_cfg
                0x0000da04       0x28 ./generate/src/Power_Ip_VS_0_PBcfg.o
                0x0000da04                Power_Ip_HwIPsConfigPB_VS_0
                0x0000da10                Power_Ip_aModeConfigPB_VS_0
 .mcal_const_cfg
                0x0000da2c       0x2c ./generate/src/Spi_Ipw_VS_0_PBcfg.o
                0x0000da2c                Spi_aHwUnitConfigList_VS_0
                0x0000da44                Spi_aExternalDeviceConfigList_VS_0
 .mcal_const_cfg
                0x0000da58       0x8c ./generate/src/Spi_VS_0_PBcfg.o
                0x0000da58                Spi_PBCfgVariantPredefined
                0x0000dae4                . = ALIGN (0x4)
 *(.mcal_const)
 .mcal_const    0x0000dae4      0x59e ./RTD/src/Clock_Ip_Data.o
                0x0000dae4                Clock_Ip_aeHwDfsName
                0x0000dae8                Clock_Ip_aeHwPllName
                0x0000daec                Clock_Ip_aeSourceTypeClockName
                0x0000dba8                Clock_Ip_apxScgPeriphAsyncDivs
                0x0000dbb8                Clock_Ip_au8DividerValueHardwareValue
                0x0000dbf9                Clock_Ip_au8SelectorEntrySIMHardwareValue
                0x0000dc28                Clock_Ip_au8SelectorEntryPcsHardwareValue
                0x0000dc57                Clock_Ip_au8SelectorEntryScsHardwareValue
                0x0000dc86                Clock_Ip_au16SelectorEntryHardwareValue
                0x0000dcdd                Clock_Ip_au8ClockFeatures
                0x0000dfec                Clock_Ip_au8CmuCallbackIndex
                0x0000dffb                Clock_Ip_au8PcfsCallbackIndex
                0x0000e00a                Clock_Ip_au8SelectorCallbackIndex
                0x0000e019                Clock_Ip_au8PllCallbackIndex
                0x0000e028                Clock_Ip_au8FractionalDividerCallbackIndex
                0x0000e037                Clock_Ip_au8GateCallbackIndex
                0x0000e046                Clock_Ip_au8IrcoscCallbackIndex
                0x0000e055                Clock_Ip_au8XoscCallbackIndex
                0x0000e064                Clock_Ip_au8DividerTriggerCallbackIndex
                0x0000e073                Clock_Ip_au8DividerCallbackIndex
 *fill*         0x0000e082        0x2 
 .mcal_const    0x0000e084       0x3c ./RTD/src/Clock_Ip_Divider.o
                0x0000e084                Clock_Ip_axDividerCallbacks
 .mcal_const    0x0000e0c0        0x8 ./RTD/src/Clock_Ip_DividerTrigger.o
                0x0000e0c0                Clock_Ip_axDividerTriggerCallbacks
 .mcal_const    0x0000e0c8       0x28 ./RTD/src/Clock_Ip_ExtOsc.o
                0x0000e0c8                Clock_Ip_axExtOscCallbacks
 .mcal_const    0x0000e0f0        0xc ./RTD/src/Clock_Ip_FracDiv.o
                0x0000e0f0                Clock_Ip_axFracDivCallbacks
 .mcal_const    0x0000e0fc       0x38 ./RTD/src/Clock_Ip_Gate.o
                0x0000e0fc                Clock_Ip_axGateCallbacks
 .mcal_const    0x0000e134       0x3c ./RTD/src/Clock_Ip_IntOsc.o
                0x0000e134                Clock_Ip_axIntOscCallbacks
 .mcal_const    0x0000e170       0x10 ./RTD/src/Clock_Ip_Monitor.o
                0x0000e170                Clock_Ip_axCmuCallbacks
 .mcal_const    0x0000e180       0x28 ./RTD/src/Clock_Ip_Pll.o
                0x0000e180                Clock_Ip_axPllCallbacks
 .mcal_const    0x0000e1a8        0x4 ./RTD/src/Clock_Ip_ProgFreqSwitch.o
                0x0000e1a8                Clock_Ip_axPcfsCallbacks
 .mcal_const    0x0000e1ac       0x58 ./RTD/src/Clock_Ip_Selector.o
                0x0000e1ac                Clock_Ip_axSelectorCallbacks
 .mcal_const    0x0000e204       0x1c ./RTD/src/Clock_Ip_Specific.o
 .mcal_const    0x0000e220       0x10 ./RTD/src/Ftm_Gpt_Ip.o
                0x0000e220                ftmGptBase
 .mcal_const    0x0000e230        0xc ./RTD/src/Lpspi_Ip.o
 .mcal_const    0x0000e23c       0x28 ./RTD/src/Port_Ci_Port_Ip.o
                0x0000e23c                Port_au32PortCiGpioBaseAddr
                0x0000e250                Port_au32PortCiPortBaseAddr
 .mcal_const    0x0000e264       0x3c ./RTD/src/Power_Ip.o
 .mcal_const    0x0000e2a0      0x280 ./generate/src/Dio_Cfg.o
                0x0000e2a0                Dio_aAvailablePinsForRead
                0x0000e2b4                Dio_aAvailablePinsForWrite
                0x0000e2c8                Dio_au32PortToPartitionMap
                0x0000e2dc                Dio_au32ChannelToPartitionMap
 .mcal_const    0x0000e520        0x1 ./generate/src/Gpt_VS_0_PBcfg.o
 *fill*         0x0000e521        0x1 
 .mcal_const    0x0000e522       0xa0 ./generate/src/Port_Cfg.o
                0x0000e522                Port_au16PinDescription
                0x0000e5c4                . = ALIGN (0x4)
 *fill*         0x0000e5c2        0x2 
 *(.mcal_const_no_cacheable)
                0x0000e5c4                . = ALIGN (0x4)
                0x0000e5c4                __init_table = .
 *(.init_table)
 .init_table    0x0000e5c4       0x1c ./Project_Settings/Startup_Code/startup_cm4.o
                0x0000e5e0                . = ALIGN (0x4)
                0x0000e5e0                __zero_table = .
 *(.zero_table)
 .zero_table    0x0000e5e0        0xc ./Project_Settings/Startup_Code/startup_cm4.o
                0x0000e5ec                . = ALIGN (0x4)
 *(.acmcu_code_rom)
                0x0000e5ec                . = ALIGN (0x4)
                0x0000e5ec                _etext = .
                0x0000e5ec                __DATA_ROM = .

.glue_7         0x0000e5ec        0x0
 .glue_7        0x0000e5ec        0x0 linker stubs

.glue_7t        0x0000e5ec        0x0
 .glue_7t       0x0000e5ec        0x0 linker stubs

.vfp11_veneer   0x0000e5ec        0x0
 .vfp11_veneer  0x0000e5ec        0x0 linker stubs

.v4_bx          0x0000e5ec        0x0
 .v4_bx         0x0000e5ec        0x0 linker stubs

.iplt           0x0000e5ec        0x0
 .iplt          0x0000e5ec        0x0 ./Project_Settings/Startup_Code/Vector_Table.o

.igot.plt       0x0000e5ec        0x0
 .igot.plt      0x0000e5ec        0x0 ./Project_Settings/Startup_Code/Vector_Table.o

.rel.dyn        0x0000e5ec        0x0
 .rel.iplt      0x0000e5ec        0x0 ./Project_Settings/Startup_Code/Vector_Table.o
                0x0000e5ec                . = ALIGN (0x4)
                [!provide]                PROVIDE (__exidx_start = .)

.ARM.exidx
 *(.ARM.exidx* .gnu.linkonce.armexidx.*)
                0x0000e5ec                . = ALIGN (0x4)
                [!provide]                PROVIDE (__exidx_end = .)

.ARM.extab      0x1fff8100        0x0
 *(.ARM.extab*)
                0x1fff8100                . = ALIGN (0x4)

.sram_interrupts
                0x1fff8100      0xa10
                0x1fff8800                . = ALIGN (0x800)
 *fill*         0x1fff8100      0x700 
                0x1fff8800                __interrupts_ram_start = .
                0x1fff8b10                . = (. + (__interrupts_rom_end - __interrupts_rom_start))
 *fill*         0x1fff8800      0x310 
                0x1fff8b10                . = ALIGN (0x4)
                0x1fff8b10                __interrupts_ram_end = .

.sram_data      0x1fff8b10       0x64 load address 0x0000e5ec
                0x1fff8b10                . = ALIGN (0x4)
                0x1fff8b10                __data_ram_start = .
 *(.ramcode)
                0x1fff8b10                . = ALIGN (0x4)
 *(.data)
 .data          0x1fff8b10        0x0 ./Project_Settings/Startup_Code/Vector_Table.o
 .data          0x1fff8b10        0x0 ./Project_Settings/Startup_Code/exceptions.o
 .data          0x1fff8b10        0x0 ./Project_Settings/Startup_Code/nvic.o
 .data          0x1fff8b10        0x0 ./Project_Settings/Startup_Code/startup.o
 .data          0x1fff8b10        0x0 ./Project_Settings/Startup_Code/startup_cm4.o
 .data          0x1fff8b10        0x0 ./Project_Settings/Startup_Code/system.o
 .data          0x1fff8b10        0x4 ./RTD/src/Clock_Ip.o
 .data          0x1fff8b14        0x0 ./RTD/src/Clock_Ip_Data.o
 .data          0x1fff8b14        0x0 ./RTD/src/Clock_Ip_Divider.o
 .data          0x1fff8b14        0x0 ./RTD/src/Clock_Ip_DividerTrigger.o
 .data          0x1fff8b14        0x0 ./RTD/src/Clock_Ip_ExtOsc.o
 .data          0x1fff8b14        0x0 ./RTD/src/Clock_Ip_FracDiv.o
 .data          0x1fff8b14        0x0 ./RTD/src/Clock_Ip_Frequency.o
 .data          0x1fff8b14        0x0 ./RTD/src/Clock_Ip_Gate.o
 .data          0x1fff8b14        0x0 ./RTD/src/Clock_Ip_IntOsc.o
 .data          0x1fff8b14        0x0 ./RTD/src/Clock_Ip_Irq.o
 .data          0x1fff8b14        0x0 ./RTD/src/Clock_Ip_Monitor.o
 .data          0x1fff8b14        0x0 ./RTD/src/Clock_Ip_Pll.o
 .data          0x1fff8b14        0x0 ./RTD/src/Clock_Ip_ProgFreqSwitch.o
 .data          0x1fff8b14        0x0 ./RTD/src/Clock_Ip_Selector.o
 .data          0x1fff8b14        0x0 ./RTD/src/Clock_Ip_Specific.o
 .data          0x1fff8b14        0x0 ./RTD/src/Det.o
 .data          0x1fff8b14        0x0 ./RTD/src/Dio.o
 .data          0x1fff8b14        0x0 ./RTD/src/Dio_Ipw.o
 .data          0x1fff8b14        0x0 ./RTD/src/Flexio_Spi_Ip.o
 .data          0x1fff8b14        0x0 ./RTD/src/Flexio_Spi_Ip_Irq.o
 .data          0x1fff8b14        0x0 ./RTD/src/Ftm_Gpt_Ip.o
 .data          0x1fff8b14        0x0 ./RTD/src/Gpio_Dio_Ip.o
 .data          0x1fff8b14        0x0 ./RTD/src/Gpt.o
 .data          0x1fff8b14        0x0 ./RTD/src/Gpt_Ipw.o
 .data          0x1fff8b14        0x0 ./RTD/src/IntCtrl_Ip.o
 .data          0x1fff8b14        0x0 ./RTD/src/LPit_Gpt_Ip.o
 .data          0x1fff8b14        0x0 ./RTD/src/Lpspi_Ip.o
 .data          0x1fff8b14        0x0 ./RTD/src/Lpspi_Ip_Irq.o
 .data          0x1fff8b14        0x0 ./RTD/src/Lptmr_Gpt_Ip.o
 .data          0x1fff8b14        0x0 ./RTD/src/Mcu.o
 .data          0x1fff8b14        0x0 ./RTD/src/Mcu_Dem_Wrapper.o
 .data          0x1fff8b14        0x0 ./RTD/src/Mcu_Ipw.o
 .data          0x1fff8b14        0x0 ./RTD/src/Mcu_Ipw_Irq.o
 .data          0x1fff8b14        0x0 ./RTD/src/Mpu_Ip.o
 .data          0x1fff8b14        0x0 ./RTD/src/OsIf_Interrupts.o
 .data          0x1fff8b14        0x0 ./RTD/src/OsIf_Timer.o
 .data          0x1fff8b14        0x0 ./RTD/src/OsIf_Timer_System.o
 .data          0x1fff8b14        0x0 ./RTD/src/OsIf_Timer_System_Internal_Systick.o
 .data          0x1fff8b14        0x0 ./RTD/src/Platform.o
 .data          0x1fff8b14        0x0 ./RTD/src/Platform_Ipw.o
 .data          0x1fff8b14        0x0 ./RTD/src/Port.o
 .data          0x1fff8b14        0x0 ./RTD/src/Port_Ci_Port_Ip.o
 .data          0x1fff8b14        0x0 ./RTD/src/Port_Ipw.o
 .data          0x1fff8b14        0x0 ./RTD/src/Power_Ip.o
 .data          0x1fff8b14        0x0 ./RTD/src/Power_Ip_AEC.o
 .data          0x1fff8b14        0x0 ./RTD/src/Power_Ip_CortexM4.o
 .data          0x1fff8b14        0x0 ./RTD/src/Power_Ip_PMC.o
 .data          0x1fff8b14        0x0 ./RTD/src/Power_Ip_PMC_Irq.o
 .data          0x1fff8b14        0x0 ./RTD/src/Power_Ip_Private.o
 .data          0x1fff8b14        0x0 ./RTD/src/Power_Ip_RCM.o
 .data          0x1fff8b14        0x0 ./RTD/src/Power_Ip_RCM_Irq.o
 .data          0x1fff8b14        0x0 ./RTD/src/Power_Ip_SIM.o
 .data          0x1fff8b14        0x0 ./RTD/src/Power_Ip_SMC.o
 .data          0x1fff8b14        0x0 ./RTD/src/Ram_Ip.o
 .data          0x1fff8b14        0x0 ./RTD/src/SRtc_Ip.o
 .data          0x1fff8b14        0x0 ./RTD/src/SchM_Dio.o
 .data          0x1fff8b14        0x0 ./RTD/src/SchM_Gpt.o
 .data          0x1fff8b14        0x0 ./RTD/src/SchM_Mcu.o
 .data          0x1fff8b14        0x0 ./RTD/src/SchM_Platform.o
 .data          0x1fff8b14        0x0 ./RTD/src/SchM_Port.o
 .data          0x1fff8b14        0x0 ./RTD/src/SchM_Spi.o
 .data          0x1fff8b14        0x0 ./RTD/src/Spi.o
 .data          0x1fff8b14        0x0 ./RTD/src/Spi_Ipw.o
 .data          0x1fff8b14        0x0 ./RTD/src/System_Ip.o
 .data          0x1fff8b14        0x0 ./board/Port_Ci_Port_Ip_Cfg.o
 .data          0x1fff8b14        0x0 ./generate/src/Clock_Ip_Cfg.o
 .data          0x1fff8b14        0x0 ./generate/src/Clock_Ip_VS_0_PBcfg.o
 .data          0x1fff8b14        0x0 ./generate/src/Dio_Cfg.o
 .data          0x1fff8b14        0x0 ./generate/src/Flexio_Spi_Ip_VS_0_PBcfg.o
 .data          0x1fff8b14        0x0 ./generate/src/Ftm_Gpt_Ip_VS_0_PBcfg.o
 .data          0x1fff8b14        0x0 ./generate/src/Gpt_Cfg.o
 .data          0x1fff8b14       0x28 ./generate/src/Gpt_Ipw_VS_0_PBcfg.o
                0x1fff8b14                Gpt_Ipw_ChannelConfig_PB_VS_0
                0x1fff8b2c                Gpt_Ipw_HwInstanceConfig_PB_VS_0
 .data          0x1fff8b3c        0x0 ./generate/src/Gpt_VS_0_PBcfg.o
 .data          0x1fff8b3c        0x0 ./generate/src/IntCtrl_Ip_Cfg.o
 .data          0x1fff8b3c        0x0 ./generate/src/LPit_Gpt_Ip_VS_0_PBcfg.o
 .data          0x1fff8b3c        0x0 ./generate/src/Lpspi_Ip_VS_0_PBcfg.o
 .data          0x1fff8b3c        0x0 ./generate/src/Lptmr_Gpt_Ip_VS_0_PBcfg.o
 .data          0x1fff8b3c        0x0 ./generate/src/Mcu_Cfg.o
 .data          0x1fff8b3c        0x0 ./generate/src/Mcu_VS_0_PBcfg.o
 .data          0x1fff8b3c        0x0 ./generate/src/Mpu_Ip_Cfg.o
 .data          0x1fff8b3c        0x0 ./generate/src/OsIf_Cfg.o
 .data          0x1fff8b3c        0x0 ./generate/src/Platform_Cfg.o
 .data          0x1fff8b3c        0x0 ./generate/src/Platform_Ipw_Cfg.o
 .data          0x1fff8b3c        0x0 ./generate/src/Port_Cfg.o
 .data          0x1fff8b3c        0x0 ./generate/src/Port_Ci_Port_Ip_VS_0_PBcfg.o
 .data          0x1fff8b3c        0x0 ./generate/src/Port_VS_0_PBcfg.o
 .data          0x1fff8b3c        0x0 ./generate/src/Power_Ip_Cfg.o
 .data          0x1fff8b3c        0x0 ./generate/src/Power_Ip_VS_0_PBcfg.o
 .data          0x1fff8b3c        0x0 ./generate/src/Ram_Ip_Cfg.o
 .data          0x1fff8b3c        0x0 ./generate/src/Ram_Ip_VS_0_PBcfg.o
 .data          0x1fff8b3c        0x0 ./generate/src/SRtc_Ip_VS_0_PBcfg.o
 .data          0x1fff8b3c        0x0 ./generate/src/Spi_Ipw_VS_0_PBcfg.o
 .data          0x1fff8b3c        0x0 ./generate/src/Spi_VS_0_PBcfg.o
 .data          0x1fff8b3c        0x0 ./src/FT81_display.o
 .data          0x1fff8b3c        0x0 ./src/FT81_misc.o
 .data          0x1fff8b3c        0x0 ./src/FT81_sound.o
 .data          0x1fff8b3c        0x0 ./src/FT81_touch.o
 .data          0x1fff8b3c        0x0 ./src/display.o
 .data          0x1fff8b3c       0x12 ./src/main.o
                0x1fff8b3c                testValues
 .data          0x1fff8b4e        0x0 d:/nxp/s32ds.3.6.0/s32ds/build_tools/gcc_v10.2/gcc-10.2-arm32-eabi/bin/../lib/gcc/arm-none-eabi/10.2.0/../../../../arm-none-eabi/lib/thumb/v7e-m+fp/hard\libc_nano.a(lib_a-memset.o)
 .data          0x1fff8b4e        0x0 d:/nxp/s32ds.3.6.0/s32ds/build_tools/gcc_v10.2/gcc-10.2-arm32-eabi/bin/../lib/gcc/arm-none-eabi/10.2.0/../../../../arm-none-eabi/lib/thumb/v7e-m+fp/hard\libm.a(lib_a-s_cos.o)
 .data          0x1fff8b4e        0x0 d:/nxp/s32ds.3.6.0/s32ds/build_tools/gcc_v10.2/gcc-10.2-arm32-eabi/bin/../lib/gcc/arm-none-eabi/10.2.0/../../../../arm-none-eabi/lib/thumb/v7e-m+fp/hard\libm.a(lib_a-s_sin.o)
 .data          0x1fff8b4e        0x0 d:/nxp/s32ds.3.6.0/s32ds/build_tools/gcc_v10.2/gcc-10.2-arm32-eabi/bin/../lib/gcc/arm-none-eabi/10.2.0/../../../../arm-none-eabi/lib/thumb/v7e-m+fp/hard\libm.a(lib_a-e_rem_pio2.o)
 .data          0x1fff8b4e        0x0 d:/nxp/s32ds.3.6.0/s32ds/build_tools/gcc_v10.2/gcc-10.2-arm32-eabi/bin/../lib/gcc/arm-none-eabi/10.2.0/../../../../arm-none-eabi/lib/thumb/v7e-m+fp/hard\libm.a(lib_a-k_cos.o)
 .data          0x1fff8b4e        0x0 d:/nxp/s32ds.3.6.0/s32ds/build_tools/gcc_v10.2/gcc-10.2-arm32-eabi/bin/../lib/gcc/arm-none-eabi/10.2.0/../../../../arm-none-eabi/lib/thumb/v7e-m+fp/hard\libm.a(lib_a-k_rem_pio2.o)
 .data          0x1fff8b4e        0x0 d:/nxp/s32ds.3.6.0/s32ds/build_tools/gcc_v10.2/gcc-10.2-arm32-eabi/bin/../lib/gcc/arm-none-eabi/10.2.0/../../../../arm-none-eabi/lib/thumb/v7e-m+fp/hard\libm.a(lib_a-k_sin.o)
 .data          0x1fff8b4e        0x0 d:/nxp/s32ds.3.6.0/s32ds/build_tools/gcc_v10.2/gcc-10.2-arm32-eabi/bin/../lib/gcc/arm-none-eabi/10.2.0/../../../../arm-none-eabi/lib/thumb/v7e-m+fp/hard\libm.a(lib_a-s_fabs.o)
 .data          0x1fff8b4e        0x0 d:/nxp/s32ds.3.6.0/s32ds/build_tools/gcc_v10.2/gcc-10.2-arm32-eabi/bin/../lib/gcc/arm-none-eabi/10.2.0/../../../../arm-none-eabi/lib/thumb/v7e-m+fp/hard\libm.a(lib_a-s_floor.o)
 .data          0x1fff8b4e        0x0 d:/nxp/s32ds.3.6.0/s32ds/build_tools/gcc_v10.2/gcc-10.2-arm32-eabi/bin/../lib/gcc/arm-none-eabi/10.2.0/../../../../arm-none-eabi/lib/thumb/v7e-m+fp/hard\libm.a(lib_a-s_scalbn.o)
 .data          0x1fff8b4e        0x0 d:/nxp/s32ds.3.6.0/s32ds/build_tools/gcc_v10.2/gcc-10.2-arm32-eabi/bin/../lib/gcc/arm-none-eabi/10.2.0/thumb/v7e-m+fp/hard\libgcc.a(_arm_muldf3.o)
 .data          0x1fff8b4e        0x0 d:/nxp/s32ds.3.6.0/s32ds/build_tools/gcc_v10.2/gcc-10.2-arm32-eabi/bin/../lib/gcc/arm-none-eabi/10.2.0/thumb/v7e-m+fp/hard\libgcc.a(_arm_addsubdf3.o)
 .data          0x1fff8b4e        0x0 d:/nxp/s32ds.3.6.0/s32ds/build_tools/gcc_v10.2/gcc-10.2-arm32-eabi/bin/../lib/gcc/arm-none-eabi/10.2.0/thumb/v7e-m+fp/hard\libgcc.a(_arm_muldivdf3.o)
 .data          0x1fff8b4e        0x0 d:/nxp/s32ds.3.6.0/s32ds/build_tools/gcc_v10.2/gcc-10.2-arm32-eabi/bin/../lib/gcc/arm-none-eabi/10.2.0/thumb/v7e-m+fp/hard\libgcc.a(_arm_cmpdf2.o)
 .data          0x1fff8b4e        0x0 d:/nxp/s32ds.3.6.0/s32ds/build_tools/gcc_v10.2/gcc-10.2-arm32-eabi/bin/../lib/gcc/arm-none-eabi/10.2.0/thumb/v7e-m+fp/hard\libgcc.a(_arm_fixdfsi.o)
 .data          0x1fff8b4e        0x0 d:/nxp/s32ds.3.6.0/s32ds/build_tools/gcc_v10.2/gcc-10.2-arm32-eabi/bin/../lib/gcc/arm-none-eabi/10.2.0/thumb/v7e-m+fp/hard\libgcc.a(_arm_fixunsdfsi.o)
 *(.data*)
                0x1fff8b50                . = ALIGN (0x4)
 *fill*         0x1fff8b4e        0x2 
 *(.mcal_data)
 .mcal_data     0x1fff8b50        0x1 ./RTD/src/Clock_Ip.o
                0x1fff8b50                Clock_Ip_bSentFromUpdateDriverContext
 .mcal_data     0x1fff8b51        0x2 ./RTD/src/Clock_Ip_Specific.o
 *fill*         0x1fff8b53        0x1 
 .mcal_data     0x1fff8b54       0x14 ./RTD/src/Gpio_Dio_Ip.o
                0x1fff8b54                GpioBaseAdresses
 .mcal_data     0x1fff8b68        0x4 ./RTD/src/Power_Ip.o
                0x1fff8b68                Power_Ip_pfReportErrorsCallback
 .mcal_data     0x1fff8b6c        0x8 ./generate/src/Lpspi_Ip_VS_0_PBcfg.o
                0x1fff8b74                . = ALIGN (0x4)
 *(.mcal_data_no_cacheable)
                0x1fff8b74                . = ALIGN (0x4)
                0x1fff8b74                __data_ram_end = .
                0x0000e650                __DATA_ROM_END = (__DATA_ROM + (__data_ram_end - __data_ram_start))

.sram_bss       0x1fff8b78     0x1264 load address 0x0000e658
                0x1fff8b80                . = ALIGN (0x10)
 *fill*         0x1fff8b78        0x8 
                0x1fff8b80                __sram_bss_start = .
 *(.bss)
 .bss           0x1fff8b80        0x0 ./Project_Settings/Startup_Code/Vector_Table.o
 .bss           0x1fff8b80        0x0 ./Project_Settings/Startup_Code/exceptions.o
 .bss           0x1fff8b80        0x0 ./Project_Settings/Startup_Code/nvic.o
 .bss           0x1fff8b80        0x0 ./Project_Settings/Startup_Code/startup.o
 .bss           0x1fff8b80        0x0 ./Project_Settings/Startup_Code/startup_cm4.o
 .bss           0x1fff8b80        0x4 ./Project_Settings/Startup_Code/system.o
                0x1fff8b80                RESET_CATCH_CORE
 .bss           0x1fff8b84        0x0 ./RTD/src/Clock_Ip.o
 .bss           0x1fff8b84        0x0 ./RTD/src/Clock_Ip_Data.o
 .bss           0x1fff8b84        0x0 ./RTD/src/Clock_Ip_Divider.o
 .bss           0x1fff8b84        0x0 ./RTD/src/Clock_Ip_DividerTrigger.o
 .bss           0x1fff8b84        0x0 ./RTD/src/Clock_Ip_ExtOsc.o
 .bss           0x1fff8b84        0x0 ./RTD/src/Clock_Ip_FracDiv.o
 .bss           0x1fff8b84        0x0 ./RTD/src/Clock_Ip_Frequency.o
 .bss           0x1fff8b84        0x0 ./RTD/src/Clock_Ip_Gate.o
 .bss           0x1fff8b84        0x0 ./RTD/src/Clock_Ip_IntOsc.o
 .bss           0x1fff8b84        0x0 ./RTD/src/Clock_Ip_Irq.o
 .bss           0x1fff8b84        0x0 ./RTD/src/Clock_Ip_Monitor.o
 .bss           0x1fff8b84        0x0 ./RTD/src/Clock_Ip_Pll.o
 .bss           0x1fff8b84        0x0 ./RTD/src/Clock_Ip_ProgFreqSwitch.o
 .bss           0x1fff8b84        0x0 ./RTD/src/Clock_Ip_Selector.o
 .bss           0x1fff8b84        0x0 ./RTD/src/Clock_Ip_Specific.o
 .bss           0x1fff8b84        0x0 ./RTD/src/Det.o
 .bss           0x1fff8b84        0x0 ./RTD/src/Dio.o
 .bss           0x1fff8b84        0x0 ./RTD/src/Dio_Ipw.o
 .bss           0x1fff8b84        0x0 ./RTD/src/Flexio_Spi_Ip.o
 .bss           0x1fff8b84        0x0 ./RTD/src/Flexio_Spi_Ip_Irq.o
 .bss           0x1fff8b84        0x0 ./RTD/src/Ftm_Gpt_Ip.o
 .bss           0x1fff8b84        0x0 ./RTD/src/Gpio_Dio_Ip.o
 .bss           0x1fff8b84        0x0 ./RTD/src/Gpt.o
 .bss           0x1fff8b84        0x0 ./RTD/src/Gpt_Ipw.o
 .bss           0x1fff8b84        0x0 ./RTD/src/IntCtrl_Ip.o
 .bss           0x1fff8b84        0x0 ./RTD/src/LPit_Gpt_Ip.o
 .bss           0x1fff8b84        0x0 ./RTD/src/Lpspi_Ip.o
 .bss           0x1fff8b84        0x0 ./RTD/src/Lpspi_Ip_Irq.o
 .bss           0x1fff8b84        0x0 ./RTD/src/Lptmr_Gpt_Ip.o
 .bss           0x1fff8b84        0x0 ./RTD/src/Mcu.o
 .bss           0x1fff8b84        0x0 ./RTD/src/Mcu_Dem_Wrapper.o
 .bss           0x1fff8b84        0x0 ./RTD/src/Mcu_Ipw.o
 .bss           0x1fff8b84        0x0 ./RTD/src/Mcu_Ipw_Irq.o
 .bss           0x1fff8b84        0x0 ./RTD/src/Mpu_Ip.o
 .bss           0x1fff8b84        0x0 ./RTD/src/OsIf_Interrupts.o
 .bss           0x1fff8b84        0x0 ./RTD/src/OsIf_Timer.o
 .bss           0x1fff8b84        0x0 ./RTD/src/OsIf_Timer_System.o
 .bss           0x1fff8b84        0x0 ./RTD/src/OsIf_Timer_System_Internal_Systick.o
 .bss           0x1fff8b84        0x0 ./RTD/src/Platform.o
 .bss           0x1fff8b84        0x0 ./RTD/src/Platform_Ipw.o
 .bss           0x1fff8b84        0x0 ./RTD/src/Port.o
 .bss           0x1fff8b84        0x0 ./RTD/src/Port_Ci_Port_Ip.o
 .bss           0x1fff8b84        0x0 ./RTD/src/Port_Ipw.o
 .bss           0x1fff8b84        0x0 ./RTD/src/Power_Ip.o
 .bss           0x1fff8b84        0x0 ./RTD/src/Power_Ip_AEC.o
 .bss           0x1fff8b84        0x0 ./RTD/src/Power_Ip_CortexM4.o
 .bss           0x1fff8b84        0x0 ./RTD/src/Power_Ip_PMC.o
 .bss           0x1fff8b84        0x0 ./RTD/src/Power_Ip_PMC_Irq.o
 .bss           0x1fff8b84        0x0 ./RTD/src/Power_Ip_Private.o
 .bss           0x1fff8b84        0x0 ./RTD/src/Power_Ip_RCM.o
 .bss           0x1fff8b84        0x0 ./RTD/src/Power_Ip_RCM_Irq.o
 .bss           0x1fff8b84        0x0 ./RTD/src/Power_Ip_SIM.o
 .bss           0x1fff8b84        0x0 ./RTD/src/Power_Ip_SMC.o
 .bss           0x1fff8b84        0x0 ./RTD/src/Ram_Ip.o
 .bss           0x1fff8b84        0x0 ./RTD/src/SRtc_Ip.o
 .bss           0x1fff8b84        0x0 ./RTD/src/SchM_Dio.o
 .bss           0x1fff8b84        0x0 ./RTD/src/SchM_Gpt.o
 .bss           0x1fff8b84        0x0 ./RTD/src/SchM_Mcu.o
 .bss           0x1fff8b84        0x0 ./RTD/src/SchM_Platform.o
 .bss           0x1fff8b84        0x0 ./RTD/src/SchM_Port.o
 .bss           0x1fff8b84        0x0 ./RTD/src/SchM_Spi.o
 .bss           0x1fff8b84        0x0 ./RTD/src/Spi.o
 .bss           0x1fff8b84        0x0 ./RTD/src/Spi_Ipw.o
 .bss           0x1fff8b84        0x0 ./RTD/src/System_Ip.o
 .bss           0x1fff8b84        0x0 ./board/Port_Ci_Port_Ip_Cfg.o